Archive member included to satisfy reference by file (symbol)

C:/ST/STM32CubeIDE_1.19.0/STM32CubeIDE/plugins/com.st.stm32cube.ide.mcu.externaltools.gnu-tools-for-stm32.13.3.rel1.win32_1.0.0.202411081344/tools/bin/../lib/gcc/arm-none-eabi/13.3.1/../../../../arm-none-eabi/lib/thumb/v7e-m+fp/hard\libc_nano.a(libc_a-exit.o)
                              C:/ST/STM32CubeIDE_1.19.0/STM32CubeIDE/plugins/com.st.stm32cube.ide.mcu.externaltools.gnu-tools-for-stm32.13.3.rel1.win32_1.0.0.202411081344/tools/bin/../lib/gcc/arm-none-eabi/13.3.1/../../../../arm-none-eabi/lib/thumb/v7e-m+fp/hard/crt0.o (exit)
C:/ST/STM32CubeIDE_1.19.0/STM32CubeIDE/plugins/com.st.stm32cube.ide.mcu.externaltools.gnu-tools-for-stm32.13.3.rel1.win32_1.0.0.202411081344/tools/bin/../lib/gcc/arm-none-eabi/13.3.1/../../../../arm-none-eabi/lib/thumb/v7e-m+fp/hard\libc_nano.a(libc_a-nano-vfprintf_float.o)
                              (_printf_float)
C:/ST/STM32CubeIDE_1.19.0/STM32CubeIDE/plugins/com.st.stm32cube.ide.mcu.externaltools.gnu-tools-for-stm32.13.3.rel1.win32_1.0.0.202411081344/tools/bin/../lib/gcc/arm-none-eabi/13.3.1/../../../../arm-none-eabi/lib/thumb/v7e-m+fp/hard\libc_nano.a(libc_a-nano-vfprintf_i.o)
                              C:/ST/STM32CubeIDE_1.19.0/STM32CubeIDE/plugins/com.st.stm32cube.ide.mcu.externaltools.gnu-tools-for-stm32.13.3.rel1.win32_1.0.0.202411081344/tools/bin/../lib/gcc/arm-none-eabi/13.3.1/../../../../arm-none-eabi/lib/thumb/v7e-m+fp/hard\libc_nano.a(libc_a-nano-vfprintf_float.o) (_printf_common)
C:/ST/STM32CubeIDE_1.19.0/STM32CubeIDE/plugins/com.st.stm32cube.ide.mcu.externaltools.gnu-tools-for-stm32.13.3.rel1.win32_1.0.0.202411081344/tools/bin/../lib/gcc/arm-none-eabi/13.3.1/../../../../arm-none-eabi/lib/thumb/v7e-m+fp/hard\libc_nano.a(libc_a-nano-vfscanf_float.o)
                              (_scanf_float)
C:/ST/STM32CubeIDE_1.19.0/STM32CubeIDE/plugins/com.st.stm32cube.ide.mcu.externaltools.gnu-tools-for-stm32.13.3.rel1.win32_1.0.0.202411081344/tools/bin/../lib/gcc/arm-none-eabi/13.3.1/../../../../arm-none-eabi/lib/thumb/v7e-m+fp/hard\libc_nano.a(libc_a-findfp.o)
                              C:/ST/STM32CubeIDE_1.19.0/STM32CubeIDE/plugins/com.st.stm32cube.ide.mcu.externaltools.gnu-tools-for-stm32.13.3.rel1.win32_1.0.0.202411081344/tools/bin/../lib/gcc/arm-none-eabi/13.3.1/../../../../arm-none-eabi/lib/thumb/v7e-m+fp/hard\libc_nano.a(libc_a-exit.o) (__stdio_exit_handler)
C:/ST/STM32CubeIDE_1.19.0/STM32CubeIDE/plugins/com.st.stm32cube.ide.mcu.externaltools.gnu-tools-for-stm32.13.3.rel1.win32_1.0.0.202411081344/tools/bin/../lib/gcc/arm-none-eabi/13.3.1/../../../../arm-none-eabi/lib/thumb/v7e-m+fp/hard\libc_nano.a(libc_a-fwalk.o)
                              C:/ST/STM32CubeIDE_1.19.0/STM32CubeIDE/plugins/com.st.stm32cube.ide.mcu.externaltools.gnu-tools-for-stm32.13.3.rel1.win32_1.0.0.202411081344/tools/bin/../lib/gcc/arm-none-eabi/13.3.1/../../../../arm-none-eabi/lib/thumb/v7e-m+fp/hard\libc_nano.a(libc_a-findfp.o) (_fwalk_sglue)
C:/ST/STM32CubeIDE_1.19.0/STM32CubeIDE/plugins/com.st.stm32cube.ide.mcu.externaltools.gnu-tools-for-stm32.13.3.rel1.win32_1.0.0.202411081344/tools/bin/../lib/gcc/arm-none-eabi/13.3.1/../../../../arm-none-eabi/lib/thumb/v7e-m+fp/hard\libc_nano.a(libc_a-snprintf.o)
                              ./Core/Src/application.o (snprintf)
C:/ST/STM32CubeIDE_1.19.0/STM32CubeIDE/plugins/com.st.stm32cube.ide.mcu.externaltools.gnu-tools-for-stm32.13.3.rel1.win32_1.0.0.202411081344/tools/bin/../lib/gcc/arm-none-eabi/13.3.1/../../../../arm-none-eabi/lib/thumb/v7e-m+fp/hard\libc_nano.a(libc_a-sprintf.o)
                              C:/ST/STM32CubeIDE_1.19.0/STM32CubeIDE/plugins/com.st.stm32cube.ide.mcu.externaltools.gnu-tools-for-stm32.13.3.rel1.win32_1.0.0.202411081344/tools/bin/../lib/gcc/arm-none-eabi/13.3.1/../../../../arm-none-eabi/lib/thumb/v7e-m+fp/hard\libc_nano.a(libc_a-nano-vfscanf_float.o) (sprintf)
C:/ST/STM32CubeIDE_1.19.0/STM32CubeIDE/plugins/com.st.stm32cube.ide.mcu.externaltools.gnu-tools-for-stm32.13.3.rel1.win32_1.0.0.202411081344/tools/bin/../lib/gcc/arm-none-eabi/13.3.1/../../../../arm-none-eabi/lib/thumb/v7e-m+fp/hard\libc_nano.a(libc_a-sscanf.o)
                              ./Core/Src/application.o (sscanf)
C:/ST/STM32CubeIDE_1.19.0/STM32CubeIDE/plugins/com.st.stm32cube.ide.mcu.externaltools.gnu-tools-for-stm32.13.3.rel1.win32_1.0.0.202411081344/tools/bin/../lib/gcc/arm-none-eabi/13.3.1/../../../../arm-none-eabi/lib/thumb/v7e-m+fp/hard\libc_nano.a(libc_a-stdio.o)
                              C:/ST/STM32CubeIDE_1.19.0/STM32CubeIDE/plugins/com.st.stm32cube.ide.mcu.externaltools.gnu-tools-for-stm32.13.3.rel1.win32_1.0.0.202411081344/tools/bin/../lib/gcc/arm-none-eabi/13.3.1/../../../../arm-none-eabi/lib/thumb/v7e-m+fp/hard\libc_nano.a(libc_a-findfp.o) (__sread)
[...]
Memory Configuration

Name             Origin             Length             Attributes
RAM              0x20000000         0x00020000         xrw
FLASH            0x08000000         0x00080000         xr
*default*        0x00000000         0xffffffff

Linker script and memory map

LOAD C:/ST/STM32CubeIDE_1.19.0/STM32CubeIDE/plugins/com.st.stm32cube.ide.mcu.externaltools.gnu-tools-for-stm32.13.3.rel1.win32_1.0.0.202411081344/tools/bin/../lib/gcc/arm-none-eabi/13.3.1/thumb/v7e-m+fp/hard/crti.o
LOAD C:/ST/STM32CubeIDE_1.19.0/STM32CubeIDE/plugins/com.st.stm32cube.ide.mcu.externaltools.gnu-tools-for-stm32.13.3.rel1.win32_1.0.0.202411081344/tools/bin/../lib/gcc/arm-none-eabi/13.3.1/thumb/v7e-m+fp/hard/crtbegin.o
LOAD C:/ST/STM32CubeIDE_1.19.0/STM32CubeIDE/plugins/com.st.stm32cube.ide.mcu.externaltools.gnu-tools-for-stm32.13.3.rel1.win32_1.0.0.202411081344/tools/bin/../lib/gcc/arm-none-eabi/13.3.1/../../../../arm-none-eabi/lib/thumb/v7e-m+fp/hard/crt0.o
LOAD ./Core/Src/INA228.o
LOAD ./Core/Src/NAU7802.o
LOAD ./Core/Src/TCA9548.o
LOAD ./Core/Src/application.o
LOAD ./Core/Src/freertos.o
LOAD ./Core/Src/main.o
LOAD ./Core/Src/stm32f4xx_hal_msp.o
LOAD ./Core/Src/stm32f4xx_hal_timebase_tim.o
LOAD ./Core/Src/stm32f4xx_it.o
LOAD ./Core/Src/syscalls.o
LOAD ./Core/Src/sysmem.o
LOAD ./Core/Src/system_stm32f4xx.o
LOAD ./Core/Startup/startup_stm32f446retx.o
LOAD ./Drivers/STM32F4xx_HAL_Driver/Src/stm32f4xx_hal.o
LOAD ./Drivers/STM32F4xx_HAL_Driver/Src/stm32f4xx_hal_cortex.o
LOAD ./Drivers/STM32F4xx_HAL_Driver/Src/stm32f4xx_hal_dma.o
LOAD ./Drivers/STM32F4xx_HAL_Driver/Src/stm32f4xx_hal_dma_ex.o
LOAD ./Drivers/STM32F4xx_HAL_Driver/Src/stm32f4xx_hal_exti.o
LOAD ./Drivers/STM32F4xx_HAL_Driver/Src/stm32f4xx_hal_flash.o
LOAD ./Drivers/STM32F4xx_HAL_Driver/Src/stm32f4xx_hal_flash_ex.o
LOAD ./Drivers/STM32F4xx_HAL_Driver/Src/stm32f4xx_hal_flash_ramfunc.o
LOAD ./Drivers/STM32F4xx_HAL_Driver/Src/stm32f4xx_hal_gpio.o
LOAD ./Drivers/STM32F4xx_HAL_Driver/Src/stm32f4xx_hal_i2c.o
LOAD ./Drivers/STM32F4xx_HAL_Driver/Src/stm32f4xx_hal_i2c_ex.o
LOAD ./Drivers/STM32F4xx_HAL_Driver/Src/stm32f4xx_hal_pcd.o
LOAD ./Drivers/STM32F4xx_HAL_Driver/Src/stm32f4xx_hal_pcd_ex.o
LOAD ./Drivers/STM32F4xx_HAL_Driver/Src/stm32f4xx_hal_pwr.o
LOAD ./Drivers/STM32F4xx_HAL_Driver/Src/stm32f4xx_hal_pwr_ex.o
LOAD ./Drivers/STM32F4xx_HAL_Driver/Src/stm32f4xx_hal_rcc.o
LOAD ./Drivers/STM32F4xx_HAL_Driver/Src/stm32f4xx_hal_rcc_ex.o
LOAD ./Drivers/STM32F4xx_HAL_Driver/Src/stm32f4xx_hal_spi.o
LOAD ./Drivers/STM32F4xx_HAL_Driver/Src/stm32f4xx_hal_tim.o
LOAD ./Drivers/STM32F4xx_HAL_Driver/Src/stm32f4xx_hal_tim_ex.o
LOAD ./Drivers/STM32F4xx_HAL_Driver/Src/stm32f4xx_ll_usb.o
LOAD ./Middlewares/ST/STM32_USB_Device_Library/Class/CDC/Src/usbd_cdc.o
LOAD ./Middlewares/ST/STM32_USB_Device_Library/Core/Src/usbd_core.o
LOAD ./Middlewares/ST/STM32_USB_Device_Library/Core/Src/usbd_ctlreq.o
LOAD ./Middlewares/ST/STM32_USB_Device_Library/Core/Src/usbd_ioreq.o
LOAD ./Middlewares/Third_Party/FreeRTOS/Source/CMSIS_RTOS_V2/cmsis_os2.o
LOAD ./Middlewares/Third_Party/FreeRTOS/Source/croutine.o
LOAD ./Middlewares/Third_Party/FreeRTOS/Source/event_groups.o
LOAD ./Middlewares/Third_Party/FreeRTOS/Source/list.o
LOAD ./Middlewares/Third_Party/FreeRTOS/Source/queue.o
LOAD ./Middlewares/Third_Party/FreeRTOS/Source/stream_buffer.o
LOAD ./Middlewares/Third_Party/FreeRTOS/Source/tasks.o
LOAD ./Middlewares/Third_Party/FreeRTOS/Source/timers.o
LOAD ./Middlewares/Third_Party/FreeRTOS/Source/portable/GCC/ARM_CM4F/port.o
LOAD ./Middlewares/Third_Party/FreeRTOS/Source/portable/MemMang/heap_4.o
LOAD ./USB_DEVICE/App/usb_device.o
LOAD ./USB_DEVICE/App/usbd_cdc_if.o
LOAD ./USB_DEVICE/App/usbd_desc.o
LOAD ./USB_DEVICE/Target/usbd_conf.o
START GROUP
LOAD C:/ST/STM32CubeIDE_1.19.0/STM32CubeIDE/plugins/com.st.stm32cube.ide.mcu.externaltools.gnu-tools-for-stm32.13.3.rel1.win32_1.0.0.202411081344/tools/bin/../lib/gcc/arm-none-eabi/13.3.1/../../../../arm-none-eabi/lib/thumb/v7e-m+fp/hard\libc_nano.a
LOAD C:/ST/STM32CubeIDE_1.19.0/STM32CubeIDE/plugins/com.st.stm32cube.ide.mcu.externaltools.gnu-tools-for-stm32.13.3.rel1.win32_1.0.0.202411081344/tools/bin/../lib/gcc/arm-none-eabi/13.3.1/../../../../arm-none-eabi/lib/thumb/v7e-m+fp/hard\libm.a
END GROUP
START GROUP
LOAD C:/ST/STM32CubeIDE_1.19.0/STM32CubeIDE/plugins/com.st.stm32cube.ide.mcu.externaltools.gnu-tools-for-stm32.13.3.rel1.win32_1.0.0.202411081344/tools/bin/../lib/gcc/arm-none-eabi/13.3.1/thumb/v7e-m+fp/hard\libgcc.a
LOAD C:/ST/STM32CubeIDE_1.19.0/STM32CubeIDE/plugins/com.st.stm32cube.ide.mcu.externaltools.gnu-tools-for-stm32.13.3.rel1.win32_1.0.0.202411081344/tools/bin/../lib/gcc/arm-none-eabi/13.3.1/../../../../arm-none-eabi/lib/thumb/v7e-m+fp/hard\libc_nano.a
END GROUP
START GROUP
LOAD C:/ST/STM32CubeIDE_1.19.0/STM32CubeIDE/plugins/com.st.stm32cube.ide.mcu.externaltools.gnu-tools-for-stm32.13.3.rel1.win32_1.0.0.202411081344/tools/bin/../lib/gcc/arm-none-eabi/13.3.1/thumb/v7e-m+fp/hard\libgcc.a
LOAD C:/ST/STM32CubeIDE_1.19.0/STM32CubeIDE/plugins/com.st.stm32cube.ide.mcu.externaltools.gnu-tools-for-stm32.13.3.rel1.win32_1.0.0.202411081344/tools/bin/../lib/gcc/arm-none-eabi/13.3.1/../../../../arm-none-eabi/lib/thumb/v7e-m+fp/hard\libc_nano.a
LOAD C:/ST/STM32CubeIDE_1.19.0/STM32CubeIDE/plugins/com.st.stm32cube.ide.mcu.externaltools.gnu-tools-for-stm32.13.3.rel1.win32_1.0.0.202411081344/tools/bin/../lib/gcc/arm-none-eabi/13.3.1/../../../../arm-none-eabi/lib/thumb/v7e-m+fp/hard\libnosys.a
END GROUP
START GROUP
LOAD C:/ST/STM32CubeIDE_1.19.0/STM32CubeIDE/plugins/com.st.stm32cube.ide.mcu.externaltools.gnu-tools-for-stm32.13.3.rel1.win32_1.0.0.202411081344/tools/bin/../lib/gcc/arm-none-eabi/13.3.1/thumb/v7e-m+fp/hard\libgcc.a
LOAD C:/ST/STM32CubeIDE_1.19.0/STM32CubeIDE/plugins/com.st.stm32cube.ide.mcu.externaltools.gnu-tools-for-stm32.13.3.rel1.win32_1.0.0.202411081344/tools/bin/../lib/gcc/arm-none-eabi/13.3.1/../../../../arm-none-eabi/lib/thumb/v7e-m+fp/hard\libc_nano.a
LOAD C:/ST/STM32CubeIDE_1.19.0/STM32CubeIDE/plugins/com.st.stm32cube.ide.mcu.externaltools.gnu-tools-for-stm32.13.3.rel1.win32_1.0.0.202411081344/tools/bin/../lib/gcc/arm-none-eabi/13.3.1/../../../../arm-none-eabi/lib/thumb/v7e-m+fp/hard\libnosys.a
END GROUP
LOAD C:/ST/STM32CubeIDE_1.19.0/STM32CubeIDE/plugins/com.st.stm32cube.ide.mcu.externaltools.gnu-tools-for-stm32.13.3.rel1.win32_1.0.0.202411081344/tools/bin/../lib/gcc/arm-none-eabi/13.3.1/thumb/v7e-m+fp/hard/crtend.o
LOAD C:/ST/STM32CubeIDE_1.19.0/STM32CubeIDE/plugins/com.st.stm32cube.ide.mcu.externaltools.gnu-tools-for-stm32.13.3.rel1.win32_1.0.0.202411081344/tools/bin/../lib/gcc/arm-none-eabi/13.3.1/thumb/v7e-m+fp/hard/crtn.o
                0x20020000                        _estack = (ORIGIN (RAM) + LENGTH (RAM))
                0x00000200                        _Min_Heap_Size = 0x200
                0x00000400                        _Min_Stack_Size = 0x400

.isr_vector     0x08000000      0x1c4
                0x08000000                        . = ALIGN (0x4)
 *(.isr_vector)
 .isr_vector    0x08000000      0x1c4 ./Core/Startup/startup_stm32f446retx.o
                0x08000000                g_pfnVectors
                0x080001c4                        . = ALIGN (0x4)

.text           0x080001d0    0x138a8
                0x080001d0                        . = ALIGN (0x4)
 *(.text)
 .text          0x080001d0       0x40 C:/ST/STM32CubeIDE_1.19.0/STM32CubeIDE/plugins/com.st.stm32cube.ide.mcu.externaltools.gnu-tools-for-stm32.13.3.rel1.win32_1.0.0.202411081344/tools/bin/../lib/gcc/arm-none-eabi/13.3.1/thumb/v7e-m+fp/hard/crtbegin.o
 .text          0x08000210       0xa0 C:/ST/STM32CubeIDE_1.19.0/STM32CubeIDE/plugins/com.st.stm32cube.ide.mcu.externaltools.gnu-tools-for-stm32.13.3.rel1.win32_1.0.0.202411081344/tools/bin/../lib/gcc/arm-none-eabi/13.3.1/../../../../arm-none-eabi/lib/thumb/v7e-m+fp/hard\libc_nano.a(libc_a-memchr.o)
                0x08000210                memchr
 .text          0x080002b0       0x10 C:/ST/STM32CubeIDE_1.19.0/STM32CubeIDE/plugins/com.st.stm32cube.ide.mcu.externaltools.gnu-tools-for-stm32.13.3.rel1.win32_1.0.0.202411081344/tools/bin/../lib/gcc/arm-none-eabi/13.3.1/../../../../arm-none-eabi/lib/thumb/v7e-m+fp/hard\libc_nano.a(libc_a-strlen.o)
                0x080002b0                strlen
 .text          0x080002c0      0x378 C:/ST/STM32CubeIDE_1.19.0/STM32CubeIDE/plugins/com.st.stm32cube.ide.mcu.externaltools.gnu-tools-for-stm32.13.3.rel1.win32_1.0.0.202411081344/tools/bin/../lib/gcc/arm-none-eabi/13.3.1/thumb/v7e-m+fp/hard\libgcc.a(_arm_addsubdf3.o)
                0x080002c0                __aeabi_drsub
                0x080002c8                __aeabi_dsub
                0x080002c8                __subdf3
                0x080002cc                __aeabi_dadd
                0x080002cc                __adddf3
                0x08000544                __floatunsidf
                0x08000544                __aeabi_ui2d
                0x08000564                __floatsidf
                0x08000564                __aeabi_i2d
                0x08000588                __aeabi_f2d
                0x08000588                __extendsfdf2
                0x080005cc                __floatundidf
                0x080005cc                __aeabi_ul2d
                0x080005dc                __floatdidf
                0x080005dc                __aeabi_l2d
 .text          0x08000638      0x424 C:/ST/STM32CubeIDE_1.19.0/STM32CubeIDE/plugins/com.st.stm32cube.ide.mcu.externaltools.gnu-tools-for-stm32.13.3.rel1.win32_1.0.0.202411081344/tools/bin/../lib/gcc/arm-none-eabi/13.3.1/thumb/v7e-m+fp/hard\libgcc.a(_arm_muldivdf3.o)
                0x08000638                __aeabi_dmul
                0x08000638                __muldf3
                0x0800088c                __divdf3
                0x0800088c                __aeabi_ddiv
 .text          0x08000a5c      0x110 C:/ST/STM32CubeIDE_1.19.0/STM32CubeIDE/plugins/com.st.stm32cube.ide.mcu.externaltools.gnu-tools-for-stm32.13.3.rel1.win32_1.0.0.202411081344/tools/bin/../lib/gcc/arm-none-eabi/13.3.1/thumb/v7e-m+fp/hard\libgcc.a(_arm_cmpdf2.o)
                0x08000a5c                __gtdf2
                0x08000a5c                __gedf2
                0x08000a64                __ltdf2
                0x08000a64                __ledf2
                0x08000a6c                __nedf2
                0x08000a6c                __eqdf2
                0x08000a6c                __cmpdf2
                0x08000ae8                __aeabi_cdrcmple
                0x08000af8                __aeabi_cdcmpeq
                0x08000af8                __aeabi_cdcmple
                0x08000b08                __aeabi_dcmpeq
                0x08000b1c                __aeabi_dcmplt
                0x08000b30                __aeabi_dcmple
                0x08000b44                __aeabi_dcmpge
                0x08000b58                __aeabi_dcmpgt
 .text          0x08000b6c       0x2c C:/ST/STM32CubeIDE_1.19.0/STM32CubeIDE/plugins/com.st.stm32cube.ide.mcu.externaltools.gnu-tools-for-stm32.13.3.rel1.win32_1.0.0.202411081344/tools/bin/../lib/gcc/arm-none-eabi/13.3.1/thumb/v7e-m+fp/hard\libgcc.a(_arm_unorddf2.o)
                0x08000b6c                __unorddf2
                0x08000b6c                __aeabi_dcmpun
 .text          0x08000b98       0x50 C:/ST/STM32CubeIDE_1.19.0/STM32CubeIDE/plugins/com.st.stm32cube.ide.mcu.externaltools.gnu-tools-for-stm32.13.3.rel1.win32_1.0.0.202411081344/tools/bin/../lib/gcc/arm-none-eabi/13.3.1/thumb/v7e-m+fp/hard\libgcc.a(_arm_fixdfsi.o)
                0x08000b98                __aeabi_d2iz
                0x08000b98                __fixdfsi
 .text          0x08000be8       0x40 C:/ST/STM32CubeIDE_1.19.0/STM32CubeIDE/plugins/com.st.stm32cube.ide.mcu.externaltools.gnu-tools-for-stm32.13.3.rel1.win32_1.0.0.202411081344/tools/bin/../lib/gcc/arm-none-eabi/13.3.1/thumb/v7e-m+fp/hard\libgcc.a(_arm_fixunsdfsi.o)
                0x08000be8                __aeabi_d2uiz
                0x08000be8                __fixunsdfsi
 .text          0x08000c28       0xa0 C:/ST/STM32CubeIDE_1.19.0/STM32CubeIDE/plugins/com.st.stm32cube.ide.mcu.externaltools.gnu-tools-for-stm32.13.3.rel1.win32_1.0.0.202411081344/tools/bin/../lib/gcc/arm-none-eabi/13.3.1/thumb/v7e-m+fp/hard\libgcc.a(_arm_truncdfsf2.o)
                0x08000c28                __truncdfsf2
                0x08000c28                __aeabi_d2f
 .text          0x08000cc8       0x30 C:/ST/STM32CubeIDE_1.19.0/STM32CubeIDE/plugins/com.st.stm32cube.ide.mcu.externaltools.gnu-tools-for-stm32.13.3.rel1.win32_1.0.0.202411081344/tools/bin/../lib/gcc/arm-none-eabi/13.3.1/thumb/v7e-m+fp/hard\libgcc.a(_aeabi_uldivmod.o)
                0x08000cc8                __aeabi_uldivmod
 .text          0x08000cf8       0x30 C:/ST/STM32CubeIDE_1.19.0/STM32CubeIDE/plugins/com.st.stm32cube.ide.mcu.externaltools.gnu-tools-for-stm32.13.3.rel1.win32_1.0.0.202411081344/tools/bin/../lib/gcc/arm-none-eabi/13.3.1/thumb/v7e-m+fp/hard\libgcc.a(_fixdfdi.o)
                0x08000cf8                __fixdfdi
                0x08000cf8                __aeabi_d2lz
 .text          0x08000d28       0x3c C:/ST/STM32CubeIDE_1.19.0/STM32CubeIDE/plugins/com.st.stm32cube.ide.mcu.externaltools.gnu-tools-for-stm32.13.3.rel1.win32_1.0.0.202411081344/tools/bin/../lib/gcc/arm-none-eabi/13.3.1/thumb/v7e-m+fp/hard\libgcc.a(_fixunsdfdi.o)
                0x08000d28                __fixunsdfdi
                0x08000d28                __aeabi_d2ulz
 .text          0x08000d64      0x2f8 C:/ST/STM32CubeIDE_1.19.0/STM32CubeIDE/plugins/com.st.stm32cube.ide.mcu.externaltools.gnu-tools-for-stm32.13.3.rel1.win32_1.0.0.202411081344/tools/bin/../lib/gcc/arm-none-eabi/13.3.1/thumb/v7e-m+fp/hard\libgcc.a(_udivmoddi4.o)
                0x08000d64                __udivmoddi4
 .text          0x0800105c        0x4 C:/ST/STM32CubeIDE_1.19.0/STM32CubeIDE/plugins/com.st.stm32cube.ide.mcu.externaltools.gnu-tools-for-stm32.13.3.rel1.win32_1.0.0.202411081344/tools/bin/../lib/gcc/arm-none-eabi/13.3.1/thumb/v7e-m+fp/hard\libgcc.a(_dvmd_tls.o)
                0x0800105c                __aeabi_idiv0
                0x0800105c                __aeabi_ldiv0
 *(.text*)
 .text.INA228_ReadRegister
                0x08001060       0x90 ./Core/Src/INA228.o
 .text.INA228_WriteRegister
                0x080010f0       0x60 ./Core/Src/INA228.o
 .text.INA228_Init
                0x08001150       0x68 ./Core/Src/INA228.o
                0x08001150                INA228_Init
 .text.INA228_Begin
                0x080011b8       0x2e ./Core/Src/INA228.o
                0x080011b8                INA228_Begin
 .text.INA228_IsConnected
                0x080011e6       0x30 ./Core/Src/INA228.o
                0x080011e6                INA228_IsConnected
 *fill*         0x08001216        0x2 
 .text.INA228_GetBusVoltage
                0x08001218       0x38 ./Core/Src/INA228.o
                0x08001218                INA228_GetBusVoltage
 .text.INA228_GetCurrent
                0x08001250       0x4c ./Core/Src/INA228.o
                0x08001250                INA228_GetCurrent
 .text.INA228_GetPower
                0x0800129c       0x40 ./Core/Src/INA228.o
                0x0800129c                INA228_GetPower
 .text.INA228_GetADCRange
                0x080012dc       0x36 ./Core/Src/INA228.o
                0x080012dc                INA228_GetADCRange
 .text.INA228_SetMode
                0x08001312       0x54 ./Core/Src/INA228.o
                0x08001312                INA228_SetMode
 *fill*         0x08001366        0x2 
 .text.INA228_SetMaxCurrentShunt
                0x08001368       0xc0 ./Core/Src/INA228.o
                0x08001368                INA228_SetMaxCurrentShunt
 .text.NAU7802_WriteReg
                0x08001428       0x3e ./Core/Src/NAU7802.o
 .text.NAU7802_ReadReg
                0x08001466       0x3c ./Core/Src/NAU7802.o
 .text.NAU7802_SetBit
                0x080014a2       0x5a ./Core/Src/NAU7802.o
 .text.NAU7802_ClearBit
                0x080014fc       0x5e ./Core/Src/NAU7802.o
 .text.NAU7802_ModifyBits
                0x0800155a       0x7e ./Core/Src/NAU7802.o
 .text.NAU7802_Reset
                0x080015d8       0x58 ./Core/Src/NAU7802.o
                0x080015d8                NAU7802_Reset
 .text.NAU7802_Enable
                0x08001630       0x7c ./Core/Src/NAU7802.o
                0x08001630                NAU7802_Enable
 .text.NAU7802_Init
                0x080016ac       0xce ./Core/Src/NAU7802.o
                0x080016ac                NAU7802_Init
 .text.NAU7802_Available
                0x0800177a       0x2e ./Core/Src/NAU7802.o
                0x0800177a                NAU7802_Available
 .text.NAU7802_Read
                0x080017a8       0x58 ./Core/Src/NAU7802.o
                0x080017a8                NAU7802_Read
 .text.NAU7802_SetLDO
                0x08001800       0x44 ./Core/Src/NAU7802.o
                0x08001800                NAU7802_SetLDO
 .text.NAU7802_SetGain
                0x08001844       0x26 ./Core/Src/NAU7802.o
                0x08001844                NAU7802_SetGain
 .text.NAU7802_SetRate
                0x0800186a       0x26 ./Core/Src/NAU7802.o
                0x0800186a                NAU7802_SetRate
 .text.TCA9548_Init
                0x08001890       0x30 ./Core/Src/TCA9548.o
                0x08001890                TCA9548_Init
 .text.TCA9548_IsConnected
                0x080018c0       0x2c ./Core/Src/TCA9548.o
                0x080018c0                TCA9548_IsConnected
 .text.TCA9548_SelectChannel
                0x080018ec       0x34 ./Core/Src/TCA9548.o
                0x080018ec                TCA9548_SelectChannel
 .text.TCA9548_SetChannelMask
                0x08001920       0x3c ./Core/Src/TCA9548.o
                0x08001920                TCA9548_SetChannelMask
 .text.App_BuzzerBeep
                0x0800195c       0x30 ./Core/Src/application.o
 .text.App_Init
                0x0800198c       0xd4 ./Core/Src/application.o
                0x0800198c                App_Init
 .text.App_ProcessUsbData
                0x08001a60       0x3c ./Core/Src/application.o
                0x08001a60                App_ProcessUsbData
 .text.App_TaskUsbListen
                0x08001a9c       0x30 ./Core/Src/application.o
                0x08001a9c                App_TaskUsbListen
 .text.App_ProcessCommand
                0x08001acc      0x158 ./Core/Src/application.o
 .text.App_TaskSensorRead
                0x08001c24      0x11c ./Core/Src/application.o
                0x08001c24                App_TaskSensorRead
 .text.main     0x08001d40       0x68 ./Core/Src/main.o
                0x08001d40                main
 .text.SystemClock_Config
                0x08001da8       0xd8 ./Core/Src/main.o
                0x08001da8                SystemClock_Config
 .text.MX_I2C1_Init
                0x08001e80       0x5c ./Core/Src/main.o
 .text.MX_I2C2_Init
                0x08001edc       0x5c ./Core/Src/main.o
 .text.MX_SPI1_Init
                0x08001f38       0x6c ./Core/Src/main.o
 .text.MX_TIM3_Init
                0x08001fa4       0xf0 ./Core/Src/main.o
 .text.MX_GPIO_Init
                0x08002094      0x140 ./Core/Src/main.o
 .text.StartTask_SensorRead
                0x080021d4       0x1a ./Core/Src/main.o
                0x080021d4                StartTask_SensorRead
 .text.StartTask_UsbListen
                0x080021ee       0x16 ./Core/Src/main.o
                0x080021ee                StartTask_UsbListen
 .text.HAL_TIM_PeriodElapsedCallback
                0x08002204       0x24 ./Core/Src/main.o
                0x08002204                HAL_TIM_PeriodElapsedCallback
 .text.Error_Handler
                0x08002228        0xe ./Core/Src/main.o
                0x08002228                Error_Handler
 *fill*         0x08002236        0x2 
 .text.HAL_MspInit
                0x08002238       0x58 ./Core/Src/stm32f4xx_hal_msp.o
                0x08002238                HAL_MspInit
 .text.HAL_I2C_MspInit
                0x08002290      0x13c ./Core/Src/stm32f4xx_hal_msp.o
                0x08002290                HAL_I2C_MspInit
 .text.HAL_SPI_MspInit
                0x080023cc       0x90 ./Core/Src/stm32f4xx_hal_msp.o
                0x080023cc                HAL_SPI_MspInit
 .text.HAL_TIM_Base_MspInit
                0x0800245c       0x44 ./Core/Src/stm32f4xx_hal_msp.o
                0x0800245c                HAL_TIM_Base_MspInit
 .text.HAL_TIM_MspPostInit
                0x080024a0       0x74 ./Core/Src/stm32f4xx_hal_msp.o
                0x080024a0                HAL_TIM_MspPostInit
 .text.HAL_InitTick
                0x08002514       0xe4 ./Core/Src/stm32f4xx_hal_timebase_tim.o
                0x08002514                HAL_InitTick
 .text.NMI_Handler
                0x080025f8        0x8 ./Core/Src/stm32f4xx_it.o
                0x080025f8                NMI_Handler
 .text.HardFault_Handler
                0x08002600        0x8 ./Core/Src/stm32f4xx_it.o
                0x08002600                HardFault_Handler
 .text.MemManage_Handler
                0x08002608        0x8 ./Core/Src/stm32f4xx_it.o
                0x08002608                MemManage_Handler
 .text.BusFault_Handler
                0x08002610        0x8 ./Core/Src/stm32f4xx_it.o
                0x08002610                BusFault_Handler
 .text.UsageFault_Handler
                0x08002618        0x8 ./Core/Src/stm32f4xx_it.o
                0x08002618                UsageFault_Handler
 .text.DebugMon_Handler
                0x08002620        0xe ./Core/Src/stm32f4xx_it.o
                0x08002620                DebugMon_Handler
 *fill*         0x0800262e        0x2 
 .text.TIM1_UP_TIM10_IRQHandler
                0x08002630       0x14 ./Core/Src/stm32f4xx_it.o
                0x08002630                TIM1_UP_TIM10_IRQHandler
 .text.OTG_FS_IRQHandler
                0x08002644       0x14 ./Core/Src/stm32f4xx_it.o
                0x08002644                OTG_FS_IRQHandler
 .text._getpid  0x08002658       0x10 ./Core/Src/syscalls.o
                0x08002658                _getpid
 .text._kill    0x08002668       0x20 ./Core/Src/syscalls.o
                0x08002668                _kill
 .text._exit    0x08002688       0x16 ./Core/Src/syscalls.o
                0x08002688                _exit
 .text._read    0x0800269e       0x3a ./Core/Src/syscalls.o
                0x0800269e                _read
 .text._write   0x080026d8       0x38 ./Core/Src/syscalls.o
                0x080026d8                _write
 .text._close   0x08002710       0x18 ./Core/Src/syscalls.o
                0x08002710                _close
 .text._fstat   0x08002728       0x20 ./Core/Src/syscalls.o
                0x08002728                _fstat
 .text._isatty  0x08002748       0x16 ./Core/Src/syscalls.o
                0x08002748                _isatty
 .text._lseek   0x0800275e       0x1a ./Core/Src/syscalls.o
                0x0800275e                _lseek
 .text._sbrk    0x08002778       0x6c ./Core/Src/sysmem.o
                0x08002778                _sbrk
 .text.SystemInit
                0x080027e4       0x24 ./Core/Src/system_stm32f4xx.o
                0x080027e4                SystemInit
 .text.Reset_Handler
                0x08002808       0x50 ./Core/Startup/startup_stm32f446retx.o
                0x08002808                Reset_Handler
 .text.Default_Handler
                0x08002858        0x2 ./Core/Startup/startup_stm32f446retx.o
                0x08002858                RTC_Alarm_IRQHandler
                0x08002858                EXTI2_IRQHandler
                0x08002858                TIM8_CC_IRQHandler
                0x08002858                FMPI2C1_EV_IRQHandler
                0x08002858                SPI4_IRQHandler
                0x08002858                TIM1_CC_IRQHandler
                0x08002858                DMA2_Stream5_IRQHandler
                0x08002858                DMA1_Stream5_IRQHandler
                0x08002858                PVD_IRQHandler
                0x08002858                SDIO_IRQHandler
                0x08002858                TAMP_STAMP_IRQHandler
                0x08002858                CAN2_RX1_IRQHandler
                0x08002858                EXTI3_IRQHandler
                0x08002858                TIM8_TRG_COM_TIM14_IRQHandler
                0x08002858                TIM8_UP_TIM13_IRQHandler
                0x08002858                I2C3_ER_IRQHandler
                0x08002858                EXTI0_IRQHandler
                0x08002858                I2C2_EV_IRQHandler
                0x08002858                DMA1_Stream2_IRQHandler
                0x08002858                CAN1_RX0_IRQHandler
                0x08002858                FPU_IRQHandler
                0x08002858                OTG_HS_WKUP_IRQHandler
                0x08002858                CAN2_SCE_IRQHandler
                0x08002858                DMA2_Stream2_IRQHandler
                0x08002858                SPI1_IRQHandler
                0x08002858                TIM6_DAC_IRQHandler
                0x08002858                TIM1_BRK_TIM9_IRQHandler
                0x08002858                DCMI_IRQHandler
                0x08002858                CAN2_RX0_IRQHandler
                0x08002858                DMA2_Stream3_IRQHandler
                0x08002858                SAI2_IRQHandler
                0x08002858                USART6_IRQHandler
                0x08002858                USART3_IRQHandler
                0x08002858                CAN1_RX1_IRQHandler
                0x08002858                UART5_IRQHandler
                0x08002858                DMA2_Stream0_IRQHandler
                0x08002858                TIM4_IRQHandler
                0x08002858                QUADSPI_IRQHandler
                0x08002858                I2C1_EV_IRQHandler
                0x08002858                DMA1_Stream6_IRQHandler
                0x08002858                DMA1_Stream1_IRQHandler
                0x08002858                UART4_IRQHandler
                0x08002858                TIM3_IRQHandler
                0x08002858                RCC_IRQHandler
                0x08002858                TIM8_BRK_TIM12_IRQHandler
                0x08002858                Default_Handler
                0x08002858                CEC_IRQHandler
                0x08002858                EXTI15_10_IRQHandler
                0x08002858                ADC_IRQHandler
                0x08002858                DMA1_Stream7_IRQHandler
                0x08002858                TIM7_IRQHandler
                0x08002858                CAN2_TX_IRQHandler
                0x08002858                TIM5_IRQHandler
                0x08002858                DMA2_Stream7_IRQHandler
                0x08002858                I2C3_EV_IRQHandler
                0x08002858                EXTI9_5_IRQHandler
                0x08002858                RTC_WKUP_IRQHandler
                0x08002858                SPDIF_RX_IRQHandler
                0x08002858                SPI2_IRQHandler
                0x08002858                OTG_HS_EP1_IN_IRQHandler
                0x08002858                DMA1_Stream0_IRQHandler
                0x08002858                CAN1_TX_IRQHandler
                0x08002858                FMPI2C1_ER_IRQHandler
                0x08002858                EXTI4_IRQHandler
                0x08002858                OTG_HS_EP1_OUT_IRQHandler
                0x08002858                WWDG_IRQHandler
                0x08002858                TIM2_IRQHandler
                0x08002858                OTG_FS_WKUP_IRQHandler
                0x08002858                TIM1_TRG_COM_TIM11_IRQHandler
                0x08002858                OTG_HS_IRQHandler
                0x08002858                EXTI1_IRQHandler
                0x08002858                USART2_IRQHandler
                0x08002858                I2C2_ER_IRQHandler
                0x08002858                DMA2_Stream1_IRQHandler
                0x08002858                CAN1_SCE_IRQHandler
                0x08002858                FLASH_IRQHandler
                0x08002858                DMA2_Stream4_IRQHandler
                0x08002858                USART1_IRQHandler
                0x08002858                SPI3_IRQHandler
                0x08002858                DMA1_Stream4_IRQHandler
                0x08002858                I2C1_ER_IRQHandler
                0x08002858                FMC_IRQHandler
                0x08002858                DMA2_Stream6_IRQHandler
                0x08002858                SAI1_IRQHandler
                0x08002858                DMA1_Stream3_IRQHandler
 *fill*         0x0800285a        0x2 
 .text.HAL_Init
                0x0800285c       0x44 ./Drivers/STM32F4xx_HAL_Driver/Src/stm32f4xx_hal.o
                0x0800285c                HAL_Init
 .text.HAL_IncTick
                0x080028a0       0x28 ./Drivers/STM32F4xx_HAL_Driver/Src/stm32f4xx_hal.o
                0x080028a0                HAL_IncTick
 .text.HAL_GetTick
                0x080028c8       0x18 ./Drivers/STM32F4xx_HAL_Driver/Src/stm32f4xx_hal.o
                0x080028c8                HAL_GetTick
 .text.HAL_Delay
                0x080028e0       0x48 ./Drivers/STM32F4xx_HAL_Driver/Src/stm32f4xx_hal.o
                0x080028e0                HAL_Delay
 .text.__NVIC_SetPriorityGrouping
                0x08002928       0x48 ./Drivers/STM32F4xx_HAL_Driver/Src/stm32f4xx_hal_cortex.o
 .text.__NVIC_GetPriorityGrouping
                0x08002970       0x1c ./Drivers/STM32F4xx_HAL_Driver/Src/stm32f4xx_hal_cortex.o
 .text.__NVIC_EnableIRQ
                0x0800298c       0x3c ./Drivers/STM32F4xx_HAL_Driver/Src/stm32f4xx_hal_cortex.o
 .text.__NVIC_SetPriority
                0x080029c8       0x54 ./Drivers/STM32F4xx_HAL_Driver/Src/stm32f4xx_hal_cortex.o
 .text.NVIC_EncodePriority
                0x08002a1c       0x66 ./Drivers/STM32F4xx_HAL_Driver/Src/stm32f4xx_hal_cortex.o
 .text.HAL_NVIC_SetPriorityGrouping
                0x08002a82       0x16 ./Drivers/STM32F4xx_HAL_Driver/Src/stm32f4xx_hal_cortex.o
                0x08002a82                HAL_NVIC_SetPriorityGrouping
 .text.HAL_NVIC_SetPriority
                0x08002a98       0x38 ./Drivers/STM32F4xx_HAL_Driver/Src/stm32f4xx_hal_cortex.o
                0x08002a98                HAL_NVIC_SetPriority
 .text.HAL_NVIC_EnableIRQ
                0x08002ad0       0x1c ./Drivers/STM32F4xx_HAL_Driver/Src/stm32f4xx_hal_cortex.o
                0x08002ad0                HAL_NVIC_EnableIRQ
 .text.HAL_GPIO_Init
                0x08002aec      0x328 ./Drivers/STM32F4xx_HAL_Driver/Src/stm32f4xx_hal_gpio.o
                0x08002aec                HAL_GPIO_Init
 .text.HAL_GPIO_WritePin
                0x08002e14       0x32 ./Drivers/STM32F4xx_HAL_Driver/Src/stm32f4xx_hal_gpio.o
                0x08002e14                HAL_GPIO_WritePin
 *fill*         0x08002e46        0x2 
 .text.HAL_I2C_Init
                0x08002e48      0x288 ./Drivers/STM32F4xx_HAL_Driver/Src/stm32f4xx_hal_i2c.o
                0x08002e48                HAL_I2C_Init
 .text.HAL_I2C_Master_Transmit
                0x080030d0      0x1fc ./Drivers/STM32F4xx_HAL_Driver/Src/stm32f4xx_hal_i2c.o
                0x080030d0                HAL_I2C_Master_Transmit
 .text.HAL_I2C_Mem_Write
                0x080032cc      0x1f4 ./Drivers/STM32F4xx_HAL_Driver/Src/stm32f4xx_hal_i2c.o
                0x080032cc                HAL_I2C_Mem_Write
 .text.HAL_I2C_Mem_Read
                0x080034c0      0x464 ./Drivers/STM32F4xx_HAL_Driver/Src/stm32f4xx_hal_i2c.o
                0x080034c0                HAL_I2C_Mem_Read
 .text.HAL_I2C_IsDeviceReady
                0x08003924      0x25c ./Drivers/STM32F4xx_HAL_Driver/Src/stm32f4xx_hal_i2c.o
                0x08003924                HAL_I2C_IsDeviceReady
 .text.I2C_MasterRequestWrite
                0x08003b80      0x104 ./Drivers/STM32F4xx_HAL_Driver/Src/stm32f4xx_hal_i2c.o
 .text.I2C_RequestMemoryWrite
                0x08003c84      0x12c ./Drivers/STM32F4xx_HAL_Driver/Src/stm32f4xx_hal_i2c.o
 .text.I2C_RequestMemoryRead
                0x08003db0      0x1d0 ./Drivers/STM32F4xx_HAL_Driver/Src/stm32f4xx_hal_i2c.o
 .text.I2C_WaitOnFlagUntilTimeout
                0x08003f80       0xf4 ./Drivers/STM32F4xx_HAL_Driver/Src/stm32f4xx_hal_i2c.o
 .text.I2C_WaitOnMasterAddressFlagUntilTimeout
                0x08004074      0x140 ./Drivers/STM32F4xx_HAL_Driver/Src/stm32f4xx_hal_i2c.o
 .text.I2C_WaitOnTXEFlagUntilTimeout
                0x080041b4       0x90 ./Drivers/STM32F4xx_HAL_Driver/Src/stm32f4xx_hal_i2c.o
 .text.I2C_WaitOnBTFFlagUntilTimeout
                0x08004244       0x90 ./Drivers/STM32F4xx_HAL_Driver/Src/stm32f4xx_hal_i2c.o
 .text.I2C_WaitOnRXNEFlagUntilTimeout
                0x080042d4       0xba ./Drivers/STM32F4xx_HAL_Driver/Src/stm32f4xx_hal_i2c.o
 .text.I2C_IsAcknowledgeFailed
                0x0800438e       0x5e ./Drivers/STM32F4xx_HAL_Driver/Src/stm32f4xx_hal_i2c.o
 .text.HAL_PCD_Init
                0x080043ec      0x22c ./Drivers/STM32F4xx_HAL_Driver/Src/stm32f4xx_hal_pcd.o
                0x080043ec                HAL_PCD_Init
 .text.HAL_PCD_Start
                0x08004618       0x6a ./Drivers/STM32F4xx_HAL_Driver/Src/stm32f4xx_hal_pcd.o
                0x08004618                HAL_PCD_Start
 .text.HAL_PCD_IRQHandler
                0x08004682      0x99c ./Drivers/STM32F4xx_HAL_Driver/Src/stm32f4xx_hal_pcd.o
                0x08004682                HAL_PCD_IRQHandler
 .text.HAL_PCD_SetAddress
                0x0800501e       0x48 ./Drivers/STM32F4xx_HAL_Driver/Src/stm32f4xx_hal_pcd.o
                0x0800501e                HAL_PCD_SetAddress
 .text.HAL_PCD_EP_Open
                0x08005066       0xd4 ./Drivers/STM32F4xx_HAL_Driver/Src/stm32f4xx_hal_pcd.o
                0x08005066                HAL_PCD_EP_Open
 .text.HAL_PCD_EP_Close
                0x0800513a       0x94 ./Drivers/STM32F4xx_HAL_Driver/Src/stm32f4xx_hal_pcd.o
                0x0800513a                HAL_PCD_EP_Close
 .text.HAL_PCD_EP_Receive
                0x080051ce       0x76 ./Drivers/STM32F4xx_HAL_Driver/Src/stm32f4xx_hal_pcd.o
                0x080051ce                HAL_PCD_EP_Receive
 .text.HAL_PCD_EP_GetRxCount
                0x08005244       0x30 ./Drivers/STM32F4xx_HAL_Driver/Src/stm32f4xx_hal_pcd.o
                0x08005244                HAL_PCD_EP_GetRxCount
 .text.HAL_PCD_EP_Transmit
                0x08005274       0x74 ./Drivers/STM32F4xx_HAL_Driver/Src/stm32f4xx_hal_pcd.o
                0x08005274                HAL_PCD_EP_Transmit
 .text.HAL_PCD_EP_SetStall
                0x080052e8       0xc6 ./Drivers/STM32F4xx_HAL_Driver/Src/stm32f4xx_hal_pcd.o
                0x080052e8                HAL_PCD_EP_SetStall
 .text.HAL_PCD_EP_ClrStall
                0x080053ae       0xac ./Drivers/STM32F4xx_HAL_Driver/Src/stm32f4xx_hal_pcd.o
                0x080053ae                HAL_PCD_EP_ClrStall
 .text.HAL_PCD_EP_Abort
                0x0800545a       0x62 ./Drivers/STM32F4xx_HAL_Driver/Src/stm32f4xx_hal_pcd.o
                0x0800545a                HAL_PCD_EP_Abort
 .text.PCD_WriteEmptyTxFifo
                0x080054bc      0x118 ./Drivers/STM32F4xx_HAL_Driver/Src/stm32f4xx_hal_pcd.o
 .text.PCD_EP_OutXfrComplete_int
                0x080055d4      0x1d0 ./Drivers/STM32F4xx_HAL_Driver/Src/stm32f4xx_hal_pcd.o
 .text.PCD_EP_OutSetupPacket_int
                0x080057a4       0x8c ./Drivers/STM32F4xx_HAL_Driver/Src/stm32f4xx_hal_pcd.o
 .text.HAL_PCDEx_SetTxFiFo
                0x08005830       0x8e ./Drivers/STM32F4xx_HAL_Driver/Src/stm32f4xx_hal_pcd_ex.o
                0x08005830                HAL_PCDEx_SetTxFiFo
 .text.HAL_PCDEx_SetRxFiFo
                0x080058be       0x22 ./Drivers/STM32F4xx_HAL_Driver/Src/stm32f4xx_hal_pcd_ex.o
                0x080058be                HAL_PCDEx_SetRxFiFo
 .text.HAL_PCDEx_ActivateLPM
                0x080058e0       0x48 ./Drivers/STM32F4xx_HAL_Driver/Src/stm32f4xx_hal_pcd_ex.o
                0x080058e0                HAL_PCDEx_ActivateLPM
 .text.HAL_RCC_ClockConfig
                0x08005928      0x1cc ./Drivers/STM32F4xx_HAL_Driver/Src/stm32f4xx_hal_rcc.o
                0x08005928                HAL_RCC_ClockConfig
 .text.HAL_RCC_GetHCLKFreq
                0x08005af4       0x18 ./Drivers/STM32F4xx_HAL_Driver/Src/stm32f4xx_hal_rcc.o
                0x08005af4                HAL_RCC_GetHCLKFreq
 .text.HAL_RCC_GetPCLK1Freq
                0x08005b0c       0x28 ./Drivers/STM32F4xx_HAL_Driver/Src/stm32f4xx_hal_rcc.o
                0x08005b0c                HAL_RCC_GetPCLK1Freq
 .text.HAL_RCC_GetPCLK2Freq
                0x08005b34       0x28 ./Drivers/STM32F4xx_HAL_Driver/Src/stm32f4xx_hal_rcc.o
                0x08005b34                HAL_RCC_GetPCLK2Freq
 .text.HAL_RCC_GetClockConfig
                0x08005b5c       0x64 ./Drivers/STM32F4xx_HAL_Driver/Src/stm32f4xx_hal_rcc.o
                0x08005b5c                HAL_RCC_GetClockConfig
 .text.HAL_RCCEx_PeriphCLKConfig
                0x08005bc0      0x654 ./Drivers/STM32F4xx_HAL_Driver/Src/stm32f4xx_hal_rcc_ex.o
                0x08005bc0                HAL_RCCEx_PeriphCLKConfig
 .text.HAL_RCC_GetSysClockFreq
                0x08006214      0x460 ./Drivers/STM32F4xx_HAL_Driver/Src/stm32f4xx_hal_rcc_ex.o
                0x08006214                HAL_RCC_GetSysClockFreq
 .text.HAL_RCC_OscConfig
                0x08006674      0x53c ./Drivers/STM32F4xx_HAL_Driver/Src/stm32f4xx_hal_rcc_ex.o
                0x08006674                HAL_RCC_OscConfig
 .text.HAL_SPI_Init
                0x08006bb0      0x112 ./Drivers/STM32F4xx_HAL_Driver/Src/stm32f4xx_hal_spi.o
                0x08006bb0                HAL_SPI_Init
 .text.HAL_TIM_Base_Init
                0x08006cc2       0x9e ./Drivers/STM32F4xx_HAL_Driver/Src/stm32f4xx_hal_tim.o
                0x08006cc2                HAL_TIM_Base_Init
 .text.HAL_TIM_Base_Start_IT
                0x08006d60       0xe0 ./Drivers/STM32F4xx_HAL_Driver/Src/stm32f4xx_hal_tim.o
                0x08006d60                HAL_TIM_Base_Start_IT
 .text.HAL_TIM_PWM_Init
                0x08006e40       0x9e ./Drivers/STM32F4xx_HAL_Driver/Src/stm32f4xx_hal_tim.o
                0x08006e40                HAL_TIM_PWM_Init
 .text.HAL_TIM_PWM_MspInit
                0x08006ede       0x14 ./Drivers/STM32F4xx_HAL_Driver/Src/stm32f4xx_hal_tim.o
                0x08006ede                HAL_TIM_PWM_MspInit
 *fill*         0x08006ef2        0x2 
 .text.HAL_TIM_PWM_Start
                0x08006ef4      0x190 ./Drivers/STM32F4xx_HAL_Driver/Src/stm32f4xx_hal_tim.o
                0x08006ef4                HAL_TIM_PWM_Start
 .text.HAL_TIM_IRQHandler
                0x08007084      0x1e0 ./Drivers/STM32F4xx_HAL_Driver/Src/stm32f4xx_hal_tim.o
                0x08007084                HAL_TIM_IRQHandler
 .text.HAL_TIM_PWM_ConfigChannel
                0x08007264      0x184 ./Drivers/STM32F4xx_HAL_Driver/Src/stm32f4xx_hal_tim.o
                0x08007264                HAL_TIM_PWM_ConfigChannel
 .text.HAL_TIM_ConfigClockSource
                0x080073e8      0x18e ./Drivers/STM32F4xx_HAL_Driver/Src/stm32f4xx_hal_tim.o
                0x080073e8                HAL_TIM_ConfigClockSource
 .text.HAL_TIM_OC_DelayElapsedCallback
                0x08007576       0x14 ./Drivers/STM32F4xx_HAL_Driver/Src/stm32f4xx_hal_tim.o
                0x08007576                HAL_TIM_OC_DelayElapsedCallback
 .text.HAL_TIM_IC_CaptureCallback
                0x0800758a       0x14 ./Drivers/STM32F4xx_HAL_Driver/Src/stm32f4xx_hal_tim.o
                0x0800758a                HAL_TIM_IC_CaptureCallback
 .text.HAL_TIM_PWM_PulseFinishedCallback
                0x0800759e       0x14 ./Drivers/STM32F4xx_HAL_Driver/Src/stm32f4xx_hal_tim.o
                0x0800759e                HAL_TIM_PWM_PulseFinishedCallback
 .text.HAL_TIM_TriggerCallback
                0x080075b2       0x14 ./Drivers/STM32F4xx_HAL_Driver/Src/stm32f4xx_hal_tim.o
                0x080075b2                HAL_TIM_TriggerCallback
 *fill*         0x080075c6        0x2 
 .text.TIM_Base_SetConfig
                0x080075c8      0x14c ./Drivers/STM32F4xx_HAL_Driver/Src/stm32f4xx_hal_tim.o
                0x080075c8                TIM_Base_SetConfig
 .text.TIM_OC1_SetConfig
                0x08007714       0xe0 ./Drivers/STM32F4xx_HAL_Driver/Src/stm32f4xx_hal_tim.o
 .text.TIM_OC2_SetConfig
                0x080077f4       0xec ./Drivers/STM32F4xx_HAL_Driver/Src/stm32f4xx_hal_tim.o
                0x080077f4                TIM_OC2_SetConfig
 .text.TIM_OC3_SetConfig
                0x080078e0       0xe8 ./Drivers/STM32F4xx_HAL_Driver/Src/stm32f4xx_hal_tim.o
 .text.TIM_OC4_SetConfig
                0x080079c8       0xac ./Drivers/STM32F4xx_HAL_Driver/Src/stm32f4xx_hal_tim.o
 .text.TIM_TI1_ConfigInputStage
                0x08007a74       0x5e ./Drivers/STM32F4xx_HAL_Driver/Src/stm32f4xx_hal_tim.o
 .text.TIM_TI2_ConfigInputStage
                0x08007ad2       0x60 ./Drivers/STM32F4xx_HAL_Driver/Src/stm32f4xx_hal_tim.o
 .text.TIM_ITRx_SetConfig
                0x08007b32       0x36 ./Drivers/STM32F4xx_HAL_Driver/Src/stm32f4xx_hal_tim.o
 .text.TIM_ETR_SetConfig
                0x08007b68       0x40 ./Drivers/STM32F4xx_HAL_Driver/Src/stm32f4xx_hal_tim.o
                0x08007b68                TIM_ETR_SetConfig
 .text.TIM_CCxChannelCmd
                0x08007ba8       0x4a ./Drivers/STM32F4xx_HAL_Driver/Src/stm32f4xx_hal_tim.o
                0x08007ba8                TIM_CCxChannelCmd
 *fill*         0x08007bf2        0x2 
 .text.HAL_TIMEx_MasterConfigSynchronization
                0x08007bf4       0xf8 ./Drivers/STM32F4xx_HAL_Driver/Src/stm32f4xx_hal_tim_ex.o
                0x08007bf4                HAL_TIMEx_MasterConfigSynchronization
 .text.HAL_TIMEx_CommutCallback
                0x08007cec       0x14 ./Drivers/STM32F4xx_HAL_Driver/Src/stm32f4xx_hal_tim_ex.o
                0x08007cec                HAL_TIMEx_CommutCallback
 .text.HAL_TIMEx_BreakCallback
                0x08007d00       0x14 ./Drivers/STM32F4xx_HAL_Driver/Src/stm32f4xx_hal_tim_ex.o
                0x08007d00                HAL_TIMEx_BreakCallback
 .text.USB_CoreInit
                0x08007d14       0xc8 ./Drivers/STM32F4xx_HAL_Driver/Src/stm32f4xx_ll_usb.o
                0x08007d14                USB_CoreInit
 .text.USB_SetTurnaroundTime
                0x08007ddc      0x144 ./Drivers/STM32F4xx_HAL_Driver/Src/stm32f4xx_ll_usb.o
                0x08007ddc                USB_SetTurnaroundTime
 .text.USB_EnableGlobalInt
                0x08007f20       0x22 ./Drivers/STM32F4xx_HAL_Driver/Src/stm32f4xx_ll_usb.o
                0x08007f20                USB_EnableGlobalInt
 .text.USB_DisableGlobalInt
                0x08007f42       0x22 ./Drivers/STM32F4xx_HAL_Driver/Src/stm32f4xx_ll_usb.o
                0x08007f42                USB_DisableGlobalInt
 .text.USB_SetCurrentMode
                0x08007f64       0x98 ./Drivers/STM32F4xx_HAL_Driver/Src/stm32f4xx_ll_usb.o
                0x08007f64                USB_SetCurrentMode
 .text.USB_DevInit
                0x08007ffc      0x2bc ./Drivers/STM32F4xx_HAL_Driver/Src/stm32f4xx_ll_usb.o
                0x08007ffc                USB_DevInit
 .text.USB_FlushTxFifo
                0x080082b8       0x64 ./Drivers/STM32F4xx_HAL_Driver/Src/stm32f4xx_ll_usb.o
                0x080082b8                USB_FlushTxFifo
 .text.USB_FlushRxFifo
                0x0800831c       0x5c ./Drivers/STM32F4xx_HAL_Driver/Src/stm32f4xx_ll_usb.o
                0x0800831c                USB_FlushRxFifo
 .text.USB_SetDevSpeed
                0x08008378       0x32 ./Drivers/STM32F4xx_HAL_Driver/Src/stm32f4xx_ll_usb.o
                0x08008378                USB_SetDevSpeed
 .text.USB_GetDevSpeed
                0x080083aa       0x4a ./Drivers/STM32F4xx_HAL_Driver/Src/stm32f4xx_ll_usb.o
                0x080083aa                USB_GetDevSpeed
 .text.USB_ActivateEndpoint
                0x080083f4      0x10e ./Drivers/STM32F4xx_HAL_Driver/Src/stm32f4xx_ll_usb.o
                0x080083f4                USB_ActivateEndpoint
 *fill*         0x08008502        0x2 
 .text.USB_DeactivateEndpoint
                0x08008504      0x1b8 ./Drivers/STM32F4xx_HAL_Driver/Src/stm32f4xx_ll_usb.o
                0x08008504                USB_DeactivateEndpoint
 .text.USB_EPStartXfer
                0x080086bc      0x53c ./Drivers/STM32F4xx_HAL_Driver/Src/stm32f4xx_ll_usb.o
                0x080086bc                USB_EPStartXfer
 .text.USB_EPStopXfer
                0x08008bf8      0x154 ./Drivers/STM32F4xx_HAL_Driver/Src/stm32f4xx_ll_usb.o
                0x08008bf8                USB_EPStopXfer
 .text.USB_WritePacket
                0x08008d4c       0x7c ./Drivers/STM32F4xx_HAL_Driver/Src/stm32f4xx_ll_usb.o
                0x08008d4c                USB_WritePacket
 .text.USB_ReadPacket
                0x08008dc8       0xb0 ./Drivers/STM32F4xx_HAL_Driver/Src/stm32f4xx_ll_usb.o
                0x08008dc8                USB_ReadPacket
 .text.USB_EPSetStall
                0x08008e78       0xdc ./Drivers/STM32F4xx_HAL_Driver/Src/stm32f4xx_ll_usb.o
                0x08008e78                USB_EPSetStall
 .text.USB_EPClearStall
                0x08008f54       0xcc ./Drivers/STM32F4xx_HAL_Driver/Src/stm32f4xx_ll_usb.o
                0x08008f54                USB_EPClearStall
 .text.USB_SetDevAddress
                0x08009020       0x4c ./Drivers/STM32F4xx_HAL_Driver/Src/stm32f4xx_ll_usb.o
                0x08009020                USB_SetDevAddress
 .text.USB_DevConnect
                0x0800906c       0x42 ./Drivers/STM32F4xx_HAL_Driver/Src/stm32f4xx_ll_usb.o
                0x0800906c                USB_DevConnect
 .text.USB_DevDisconnect
                0x080090ae       0x42 ./Drivers/STM32F4xx_HAL_Driver/Src/stm32f4xx_ll_usb.o
                0x080090ae                USB_DevDisconnect
 .text.USB_ReadInterrupts
                0x080090f0       0x26 ./Drivers/STM32F4xx_HAL_Driver/Src/stm32f4xx_ll_usb.o
                0x080090f0                USB_ReadInterrupts
 .text.USB_ReadDevAllOutEpInterrupt
                0x08009116       0x34 ./Drivers/STM32F4xx_HAL_Driver/Src/stm32f4xx_ll_usb.o
                0x08009116                USB_ReadDevAllOutEpInterrupt
 .text.USB_ReadDevAllInEpInterrupt
                0x0800914a       0x34 ./Drivers/STM32F4xx_HAL_Driver/Src/stm32f4xx_ll_usb.o
                0x0800914a                USB_ReadDevAllInEpInterrupt
 .text.USB_ReadDevOutEPInterrupt
                0x0800917e       0x3c ./Drivers/STM32F4xx_HAL_Driver/Src/stm32f4xx_ll_usb.o
                0x0800917e                USB_ReadDevOutEPInterrupt
 .text.USB_ReadDevInEPInterrupt
                0x080091ba       0x5c ./Drivers/STM32F4xx_HAL_Driver/Src/stm32f4xx_ll_usb.o
                0x080091ba                USB_ReadDevInEPInterrupt
 .text.USB_GetMode
                0x08009216       0x1c ./Drivers/STM32F4xx_HAL_Driver/Src/stm32f4xx_ll_usb.o
                0x08009216                USB_GetMode
 .text.USB_ActivateSetup
                0x08009232       0x46 ./Drivers/STM32F4xx_HAL_Driver/Src/stm32f4xx_ll_usb.o
                0x08009232                USB_ActivateSetup
 .text.USB_EP0_OutStart
                0x08009278       0xbc ./Drivers/STM32F4xx_HAL_Driver/Src/stm32f4xx_ll_usb.o
                0x08009278                USB_EP0_OutStart
 .text.USB_CoreReset
                0x08009334       0x70 ./Drivers/STM32F4xx_HAL_Driver/Src/stm32f4xx_ll_usb.o
 .text.USBD_CDC_Init
                0x080093a4      0x1f0 ./Middlewares/ST/STM32_USB_Device_Library/Class/CDC/Src/usbd_cdc.o
 .text.USBD_CDC_DeInit
                0x08009594      0x104 ./Middlewares/ST/STM32_USB_Device_Library/Class/CDC/Src/usbd_cdc.o
 .text.USBD_CDC_Setup
                0x08009698      0x1b8 ./Middlewares/ST/STM32_USB_Device_Library/Class/CDC/Src/usbd_cdc.o
 .text.USBD_CDC_DataIn
                0x08009850       0xfe ./Middlewares/ST/STM32_USB_Device_Library/Class/CDC/Src/usbd_cdc.o
 .text.USBD_CDC_DataOut
                0x0800994e       0x70 ./Middlewares/ST/STM32_USB_Device_Library/Class/CDC/Src/usbd_cdc.o
 .text.USBD_CDC_EP0_RxReady
                0x080099be       0x74 ./Middlewares/ST/STM32_USB_Device_Library/Class/CDC/Src/usbd_cdc.o
 *fill*         0x08009a32        0x2 
 .text.USBD_CDC_GetFSCfgDesc
                0x08009a34       0x70 ./Middlewares/ST/STM32_USB_Device_Library/Class/CDC/Src/usbd_cdc.o
 .text.USBD_CDC_GetHSCfgDesc
                0x08009aa4       0x70 ./Middlewares/ST/STM32_USB_Device_Library/Class/CDC/Src/usbd_cdc.o
 .text.USBD_CDC_GetOtherSpeedCfgDesc
                0x08009b14       0x70 ./Middlewares/ST/STM32_USB_Device_Library/Class/CDC/Src/usbd_cdc.o
 .text.USBD_CDC_GetDeviceQualifierDescriptor
                0x08009b84       0x20 ./Middlewares/ST/STM32_USB_Device_Library/Class/CDC/Src/usbd_cdc.o
                0x08009b84                USBD_CDC_GetDeviceQualifierDescriptor
 .text.USBD_CDC_RegisterInterface
                0x08009ba4       0x34 ./Middlewares/ST/STM32_USB_Device_Library/Class/CDC/Src/usbd_cdc.o
                0x08009ba4                USBD_CDC_RegisterInterface
 .text.USBD_CDC_SetTxBuffer
                0x08009bd8       0x44 ./Middlewares/ST/STM32_USB_Device_Library/Class/CDC/Src/usbd_cdc.o
                0x08009bd8                USBD_CDC_SetTxBuffer
 .text.USBD_CDC_SetRxBuffer
                0x08009c1c       0x3a ./Middlewares/ST/STM32_USB_Device_Library/Class/CDC/Src/usbd_cdc.o
                0x08009c1c                USBD_CDC_SetRxBuffer
 *fill*         0x08009c56        0x2 
 .text.USBD_CDC_TransmitPacket
                0x08009c58       0x80 ./Middlewares/ST/STM32_USB_Device_Library/Class/CDC/Src/usbd_cdc.o
                0x08009c58                USBD_CDC_TransmitPacket
 .text.USBD_CDC_ReceivePacket
                0x08009cd8       0x6c ./Middlewares/ST/STM32_USB_Device_Library/Class/CDC/Src/usbd_cdc.o
                0x08009cd8                USBD_CDC_ReceivePacket
 .text.USBD_Init
                0x08009d44       0x60 ./Middlewares/ST/STM32_USB_Device_Library/Core/Src/usbd_core.o
                0x08009d44                USBD_Init
 .text.USBD_RegisterClass
                0x08009da4       0x6c ./Middlewares/ST/STM32_USB_Device_Library/Core/Src/usbd_core.o
                0x08009da4                USBD_RegisterClass
 .text.USBD_Start
                0x08009e10       0x18 ./Middlewares/ST/STM32_USB_Device_Library/Core/Src/usbd_core.o
                0x08009e10                USBD_Start
 .text.USBD_RunTestMode
                0x08009e28       0x16 ./Middlewares/ST/STM32_USB_Device_Library/Core/Src/usbd_core.o
                0x08009e28                USBD_RunTestMode
 .text.USBD_SetClassConfig
                0x08009e3e       0x38 ./Middlewares/ST/STM32_USB_Device_Library/Core/Src/usbd_core.o
                0x08009e3e                USBD_SetClassConfig
 .text.USBD_ClrClassConfig
                0x08009e76       0x34 ./Middlewares/ST/STM32_USB_Device_Library/Core/Src/usbd_core.o
                0x08009e76                USBD_ClrClassConfig
 .text.USBD_LL_SetupStage
                0x08009eaa       0xaa ./Middlewares/ST/STM32_USB_Device_Library/Core/Src/usbd_core.o
                0x08009eaa                USBD_LL_SetupStage
 .text.USBD_LL_DataOutStage
                0x08009f54      0x178 ./Middlewares/ST/STM32_USB_Device_Library/Core/Src/usbd_core.o
                0x08009f54                USBD_LL_DataOutStage
 .text.USBD_LL_DataInStage
                0x0800a0cc      0x176 ./Middlewares/ST/STM32_USB_Device_Library/Core/Src/usbd_core.o
                0x0800a0cc                USBD_LL_DataInStage
 .text.USBD_LL_Reset
                0x0800a242       0xa6 ./Middlewares/ST/STM32_USB_Device_Library/Core/Src/usbd_core.o
                0x0800a242                USBD_LL_Reset
 .text.USBD_LL_SetSpeed
                0x0800a2e8       0x20 ./Middlewares/ST/STM32_USB_Device_Library/Core/Src/usbd_core.o
                0x0800a2e8                USBD_LL_SetSpeed
 .text.USBD_LL_Suspend
                0x0800a308       0x38 ./Middlewares/ST/STM32_USB_Device_Library/Core/Src/usbd_core.o
                0x0800a308                USBD_LL_Suspend
 .text.USBD_LL_Resume
                0x0800a340       0x30 ./Middlewares/ST/STM32_USB_Device_Library/Core/Src/usbd_core.o
                0x0800a340                USBD_LL_Resume
 .text.USBD_LL_SOF
                0x0800a370       0x40 ./Middlewares/ST/STM32_USB_Device_Library/Core/Src/usbd_core.o
                0x0800a370                USBD_LL_SOF
 .text.USBD_LL_IsoINIncomplete
                0x0800a3b0       0x64 ./Middlewares/ST/STM32_USB_Device_Library/Core/Src/usbd_core.o
                0x0800a3b0                USBD_LL_IsoINIncomplete
 .text.USBD_LL_IsoOUTIncomplete
                0x0800a414       0x64 ./Middlewares/ST/STM32_USB_Device_Library/Core/Src/usbd_core.o
                0x0800a414                USBD_LL_IsoOUTIncomplete
 .text.USBD_LL_DevConnected
                0x0800a478       0x16 ./Middlewares/ST/STM32_USB_Device_Library/Core/Src/usbd_core.o
                0x0800a478                USBD_LL_DevConnected
 .text.USBD_LL_DevDisconnected
                0x0800a48e       0x46 ./Middlewares/ST/STM32_USB_Device_Library/Core/Src/usbd_core.o
                0x0800a48e                USBD_LL_DevDisconnected
 .text.USBD_CoreFindIF
                0x0800a4d4       0x1a ./Middlewares/ST/STM32_USB_Device_Library/Core/Src/usbd_core.o
                0x0800a4d4                USBD_CoreFindIF
 .text.USBD_CoreFindEP
                0x0800a4ee       0x1a ./Middlewares/ST/STM32_USB_Device_Library/Core/Src/usbd_core.o
                0x0800a4ee                USBD_CoreFindEP
 .text.USBD_GetEpDesc
                0x0800a508       0x70 ./Middlewares/ST/STM32_USB_Device_Library/Core/Src/usbd_core.o
                0x0800a508                USBD_GetEpDesc
 .text.USBD_GetNextDesc
                0x0800a578       0x38 ./Middlewares/ST/STM32_USB_Device_Library/Core/Src/usbd_core.o
                0x0800a578                USBD_GetNextDesc
 .text.SWAPBYTE
                0x0800a5b0       0x3e ./Middlewares/ST/STM32_USB_Device_Library/Core/Src/usbd_ctlreq.o
 *fill*         0x0800a5ee        0x2 
 .text.USBD_StdDevReq
                0x0800a5f0       0xe4 ./Middlewares/ST/STM32_USB_Device_Library/Core/Src/usbd_ctlreq.o
                0x0800a5f0                USBD_StdDevReq
 .text.USBD_StdItfReq
                0x0800a6d4       0xd8 ./Middlewares/ST/STM32_USB_Device_Library/Core/Src/usbd_ctlreq.o
                0x0800a6d4                USBD_StdItfReq
 .text.USBD_StdEPReq
                0x0800a7ac      0x33e ./Middlewares/ST/STM32_USB_Device_Library/Core/Src/usbd_ctlreq.o
                0x0800a7ac                USBD_StdEPReq
 *fill*         0x0800aaea        0x2 
 .text.USBD_GetDescriptor
                0x0800aaec      0x328 ./Middlewares/ST/STM32_USB_Device_Library/Core/Src/usbd_ctlreq.o
 .text.USBD_SetAddress
                0x0800ae14       0x88 ./Middlewares/ST/STM32_USB_Device_Library/Core/Src/usbd_ctlreq.o
 .text.USBD_SetConfig
                0x0800ae9c      0x154 ./Middlewares/ST/STM32_USB_Device_Library/Core/Src/usbd_ctlreq.o
 .text.USBD_GetConfig
                0x0800aff0       0x6c ./Middlewares/ST/STM32_USB_Device_Library/Core/Src/usbd_ctlreq.o
 .text.USBD_GetStatus
                0x0800b05c       0x68 ./Middlewares/ST/STM32_USB_Device_Library/Core/Src/usbd_ctlreq.o
 .text.USBD_SetFeature
                0x0800b0c4       0x52 ./Middlewares/ST/STM32_USB_Device_Library/Core/Src/usbd_ctlreq.o
 .text.USBD_ClrFeature
                0x0800b116       0x44 ./Middlewares/ST/STM32_USB_Device_Library/Core/Src/usbd_ctlreq.o
 .text.USBD_ParseSetupRequest
                0x0800b15a       0x74 ./Middlewares/ST/STM32_USB_Device_Library/Core/Src/usbd_ctlreq.o
                0x0800b15a                USBD_ParseSetupRequest
 .text.USBD_CtlError
                0x0800b1ce       0x22 ./Middlewares/ST/STM32_USB_Device_Library/Core/Src/usbd_ctlreq.o
                0x0800b1ce                USBD_CtlError
 .text.USBD_GetString
                0x0800b1f0       0xa4 ./Middlewares/ST/STM32_USB_Device_Library/Core/Src/usbd_ctlreq.o
                0x0800b1f0                USBD_GetString
 .text.USBD_GetLen
                0x0800b294       0x34 ./Middlewares/ST/STM32_USB_Device_Library/Core/Src/usbd_ctlreq.o
 .text.USBD_CtlSendData
                0x0800b2c8       0x3c ./Middlewares/ST/STM32_USB_Device_Library/Core/Src/usbd_ioreq.o
                0x0800b2c8                USBD_CtlSendData
 .text.USBD_CtlContinueSendData
                0x0800b304       0x22 ./Middlewares/ST/STM32_USB_Device_Library/Core/Src/usbd_ioreq.o
                0x0800b304                USBD_CtlContinueSendData
 .text.USBD_CtlPrepareRx
                0x0800b326       0x42 ./Middlewares/ST/STM32_USB_Device_Library/Core/Src/usbd_ioreq.o
                0x0800b326                USBD_CtlPrepareRx
 .text.USBD_CtlContinueRx
                0x0800b368       0x22 ./Middlewares/ST/STM32_USB_Device_Library/Core/Src/usbd_ioreq.o
                0x0800b368                USBD_CtlContinueRx
 .text.USBD_CtlSendStatus
                0x0800b38a       0x26 ./Middlewares/ST/STM32_USB_Device_Library/Core/Src/usbd_ioreq.o
                0x0800b38a                USBD_CtlSendStatus
 .text.USBD_CtlReceiveStatus
                0x0800b3b0       0x26 ./Middlewares/ST/STM32_USB_Device_Library/Core/Src/usbd_ioreq.o
                0x0800b3b0                USBD_CtlReceiveStatus
 *fill*         0x0800b3d6        0x2 
 .text.__NVIC_SetPriority
                0x0800b3d8       0x54 ./Middlewares/Third_Party/FreeRTOS/Source/CMSIS_RTOS_V2/cmsis_os2.o
 .text.SysTick_Handler
                0x0800b42c       0x20 ./Middlewares/Third_Party/FreeRTOS/Source/CMSIS_RTOS_V2/cmsis_os2.o
                0x0800b42c                SysTick_Handler
 .text.SVC_Setup
                0x0800b44c       0x12 ./Middlewares/Third_Party/FreeRTOS/Source/CMSIS_RTOS_V2/cmsis_os2.o
 *fill*         0x0800b45e        0x2 
 .text.osKernelInitialize
                0x0800b460       0x48 ./Middlewares/Third_Party/FreeRTOS/Source/CMSIS_RTOS_V2/cmsis_os2.o
                0x0800b460                osKernelInitialize
 .text.osKernelStart
                0x0800b4a8       0x4c ./Middlewares/Third_Party/FreeRTOS/Source/CMSIS_RTOS_V2/cmsis_os2.o
                0x0800b4a8                osKernelStart
 .text.osThreadNew
                0x0800b4f4      0x124 ./Middlewares/Third_Party/FreeRTOS/Source/CMSIS_RTOS_V2/cmsis_os2.o
                0x0800b4f4                osThreadNew
 .text.osDelay  0x0800b618       0x36 ./Middlewares/Third_Party/FreeRTOS/Source/CMSIS_RTOS_V2/cmsis_os2.o
                0x0800b618                osDelay
 *fill*         0x0800b64e        0x2 
 .text.vApplicationGetIdleTaskMemory
                0x0800b650       0x34 ./Middlewares/Third_Party/FreeRTOS/Source/CMSIS_RTOS_V2/cmsis_os2.o
                0x0800b650                vApplicationGetIdleTaskMemory
 .text.vApplicationGetTimerTaskMemory
                0x0800b684       0x34 ./Middlewares/Third_Party/FreeRTOS/Source/CMSIS_RTOS_V2/cmsis_os2.o
                0x0800b684                vApplicationGetTimerTaskMemory
 .text.vListInitialise
                0x0800b6b8       0x40 ./Middlewares/Third_Party/FreeRTOS/Source/list.o
                0x0800b6b8                vListInitialise
 .text.vListInitialiseItem
                0x0800b6f8       0x1a ./Middlewares/Third_Party/FreeRTOS/Source/list.o
                0x0800b6f8                vListInitialiseItem
 .text.vListInsertEnd
                0x0800b712       0x48 ./Middlewares/Third_Party/FreeRTOS/Source/list.o
                0x0800b712                vListInsertEnd
 .text.vListInsert
                0x0800b75a       0x72 ./Middlewares/Third_Party/FreeRTOS/Source/list.o
                0x0800b75a                vListInsert
 .text.uxListRemove
                0x0800b7cc       0x54 ./Middlewares/Third_Party/FreeRTOS/Source/list.o
                0x0800b7cc                uxListRemove
 .text.xQueueGenericReset
                0x0800b820       0xd4 ./Middlewares/Third_Party/FreeRTOS/Source/queue.o
                0x0800b820                xQueueGenericReset
 .text.xQueueGenericCreateStatic
                0x0800b8f4       0xfa ./Middlewares/Third_Party/FreeRTOS/Source/queue.o
                0x0800b8f4                xQueueGenericCreateStatic
 .text.prvInitialiseNewQueue
                0x0800b9ee       0x46 ./Middlewares/Third_Party/FreeRTOS/Source/queue.o
 .text.xQueueGenericSend
                0x0800ba34      0x204 ./Middlewares/Third_Party/FreeRTOS/Source/queue.o
                0x0800ba34                xQueueGenericSend
 .text.xQueueGenericSendFromISR
                0x0800bc38      0x13c ./Middlewares/Third_Party/FreeRTOS/Source/queue.o
                0x0800bc38                xQueueGenericSendFromISR
 .text.xQueueReceive
                0x0800bd74      0x1c4 ./Middlewares/Third_Party/FreeRTOS/Source/queue.o
                0x0800bd74                xQueueReceive
 .text.prvCopyDataToQueue
                0x0800bf38       0xd4 ./Middlewares/Third_Party/FreeRTOS/Source/queue.o
 .text.prvCopyDataFromQueue
                0x0800c00c       0x4c ./Middlewares/Third_Party/FreeRTOS/Source/queue.o
 .text.prvUnlockQueue
                0x0800c058       0xa4 ./Middlewares/Third_Party/FreeRTOS/Source/queue.o
 .text.prvIsQueueEmpty
                0x0800c0fc       0x2c ./Middlewares/Third_Party/FreeRTOS/Source/queue.o
 .text.prvIsQueueFull
                0x0800c128       0x30 ./Middlewares/Third_Party/FreeRTOS/Source/queue.o
 .text.vQueueAddToRegistry
                0x0800c158       0x54 ./Middlewares/Third_Party/FreeRTOS/Source/queue.o
                0x0800c158                vQueueAddToRegistry
 .text.vQueueWaitForMessageRestricted
                0x0800c1ac       0x68 ./Middlewares/Third_Party/FreeRTOS/Source/queue.o
                0x0800c1ac                vQueueWaitForMessageRestricted
 .text.xTaskCreateStatic
                0x0800c214       0xc0 ./Middlewares/Third_Party/FreeRTOS/Source/tasks.o
                0x0800c214                xTaskCreateStatic
 .text.xTaskCreate
                0x0800c2d4       0x8a ./Middlewares/Third_Party/FreeRTOS/Source/tasks.o
                0x0800c2d4                xTaskCreate
 .text.prvInitialiseNewTask
                0x0800c35e      0x120 ./Middlewares/Third_Party/FreeRTOS/Source/tasks.o
 *fill*         0x0800c47e        0x2 
 .text.prvAddNewTaskToReadyList
                0x0800c480       0xe0 ./Middlewares/Third_Party/FreeRTOS/Source/tasks.o
 .text.vTaskDelay
                0x0800c560       0x6c ./Middlewares/Third_Party/FreeRTOS/Source/tasks.o
                0x0800c560                vTaskDelay
 .text.vTaskStartScheduler
                0x0800c5cc       0xd0 ./Middlewares/Third_Party/FreeRTOS/Source/tasks.o
                0x0800c5cc                vTaskStartScheduler
 .text.vTaskSuspendAll
                0x0800c69c       0x1c ./Middlewares/Third_Party/FreeRTOS/Source/tasks.o
                0x0800c69c                vTaskSuspendAll
 .text.xTaskResumeAll
                0x0800c6b8      0x13c ./Middlewares/Third_Party/FreeRTOS/Source/tasks.o
                0x0800c6b8                xTaskResumeAll
 .text.xTaskGetTickCount
                0x0800c7f4       0x20 ./Middlewares/Third_Party/FreeRTOS/Source/tasks.o
                0x0800c7f4                xTaskGetTickCount
 .text.xTaskIncrementTick
                0x0800c814      0x174 ./Middlewares/Third_Party/FreeRTOS/Source/tasks.o
                0x0800c814                xTaskIncrementTick
 .text.vTaskSwitchContext
                0x0800c988       0xbc ./Middlewares/Third_Party/FreeRTOS/Source/tasks.o
                0x0800c988                vTaskSwitchContext
 .text.vTaskPlaceOnEventList
                0x0800ca44       0x4c ./Middlewares/Third_Party/FreeRTOS/Source/tasks.o
                0x0800ca44                vTaskPlaceOnEventList
 .text.vTaskPlaceOnEventListRestricted
                0x0800ca90       0x58 ./Middlewares/Third_Party/FreeRTOS/Source/tasks.o
                0x0800ca90                vTaskPlaceOnEventListRestricted
 .text.xTaskRemoveFromEventList
                0x0800cae8       0xc8 ./Middlewares/Third_Party/FreeRTOS/Source/tasks.o
                0x0800cae8                xTaskRemoveFromEventList
 .text.vTaskInternalSetTimeOutState
                0x0800cbb0       0x2c ./Middlewares/Third_Party/FreeRTOS/Source/tasks.o
                0x0800cbb0                vTaskInternalSetTimeOutState
 .text.xTaskCheckForTimeOut
                0x0800cbdc       0xc8 ./Middlewares/Third_Party/FreeRTOS/Source/tasks.o
                0x0800cbdc                xTaskCheckForTimeOut
 .text.vTaskMissedYield
                0x0800cca4       0x18 ./Middlewares/Third_Party/FreeRTOS/Source/tasks.o
                0x0800cca4                vTaskMissedYield
 .text.prvIdleTask
                0x0800ccbc       0x30 ./Middlewares/Third_Party/FreeRTOS/Source/tasks.o
 .text.prvInitialiseTaskLists
                0x0800ccec       0x80 ./Middlewares/Third_Party/FreeRTOS/Source/tasks.o
 .text.prvCheckTasksWaitingTermination
                0x0800cd6c       0x5c ./Middlewares/Third_Party/FreeRTOS/Source/tasks.o
 .text.prvDeleteTCB
                0x0800cdc8       0x60 ./Middlewares/Third_Party/FreeRTOS/Source/tasks.o
 .text.prvResetNextTaskUnblockTime
                0x0800ce28       0x40 ./Middlewares/Third_Party/FreeRTOS/Source/tasks.o
 .text.xTaskGetSchedulerState
                0x0800ce68       0x3c ./Middlewares/Third_Party/FreeRTOS/Source/tasks.o
                0x0800ce68                xTaskGetSchedulerState
 .text.xTaskPriorityDisinherit
                0x0800cea4       0xe0 ./Middlewares/Third_Party/FreeRTOS/Source/tasks.o
                0x0800cea4                xTaskPriorityDisinherit
 .text.prvAddCurrentTaskToDelayedList
                0x0800cf84       0xa8 ./Middlewares/Third_Party/FreeRTOS/Source/tasks.o
 .text.xTimerCreateTimerTask
                0x0800d02c       0x94 ./Middlewares/Third_Party/FreeRTOS/Source/timers.o
                0x0800d02c                xTimerCreateTimerTask
 .text.xTimerGenericCommand
                0x0800d0c0       0x9c ./Middlewares/Third_Party/FreeRTOS/Source/timers.o
                0x0800d0c0                xTimerGenericCommand
 .text.prvProcessExpiredTimer
                0x0800d15c       0x9c ./Middlewares/Third_Party/FreeRTOS/Source/timers.o
 .text.prvTimerTask
                0x0800d1f8       0x26 ./Middlewares/Third_Party/FreeRTOS/Source/timers.o
 *fill*         0x0800d21e        0x2 
 .text.prvProcessTimerOrBlockTask
                0x0800d220       0x9c ./Middlewares/Third_Party/FreeRTOS/Source/timers.o
 .text.prvGetNextExpireTime
                0x0800d2bc       0x48 ./Middlewares/Third_Party/FreeRTOS/Source/timers.o
 .text.prvSampleTimeNow
                0x0800d304       0x40 ./Middlewares/Third_Party/FreeRTOS/Source/timers.o
 .text.prvInsertTimerInActiveList
                0x0800d344       0x84 ./Middlewares/Third_Party/FreeRTOS/Source/timers.o
 .text.prvProcessReceivedCommands
                0x0800d3c8      0x1cc ./Middlewares/Third_Party/FreeRTOS/Source/timers.o
 .text.prvSwitchTimerLists
                0x0800d594       0xcc ./Middlewares/Third_Party/FreeRTOS/Source/timers.o
 .text.prvCheckForValidListAndQueue
                0x0800d660       0x80 ./Middlewares/Third_Party/FreeRTOS/Source/timers.o
 .text.pxPortInitialiseStack
                0x0800d6e0       0x68 ./Middlewares/Third_Party/FreeRTOS/Source/portable/GCC/ARM_CM4F/port.o
                0x0800d6e0                pxPortInitialiseStack
 .text.prvTaskExitError
                0x0800d748       0x5c ./Middlewares/Third_Party/FreeRTOS/Source/portable/GCC/ARM_CM4F/port.o
 *fill*         0x0800d7a4        0xc 
 .text.SVC_Handler
                0x0800d7b0       0x28 ./Middlewares/Third_Party/FreeRTOS/Source/portable/GCC/ARM_CM4F/port.o
                0x0800d7b0                SVC_Handler
 .text.prvPortStartFirstTask
                0x0800d7d8       0x28 ./Middlewares/Third_Party/FreeRTOS/Source/portable/GCC/ARM_CM4F/port.o
 .text.xPortStartScheduler
                0x0800d800      0x148 ./Middlewares/Third_Party/FreeRTOS/Source/portable/GCC/ARM_CM4F/port.o
                0x0800d800                xPortStartScheduler
 .text.vPortEnterCritical
                0x0800d948       0x64 ./Middlewares/Third_Party/FreeRTOS/Source/portable/GCC/ARM_CM4F/port.o
                0x0800d948                vPortEnterCritical
 .text.vPortExitCritical
                0x0800d9ac       0x54 ./Middlewares/Third_Party/FreeRTOS/Source/portable/GCC/ARM_CM4F/port.o
                0x0800d9ac                vPortExitCritical
 .text.PendSV_Handler
                0x0800da00       0x68 ./Middlewares/Third_Party/FreeRTOS/Source/portable/GCC/ARM_CM4F/port.o
                0x0800da00                PendSV_Handler
 .text.xPortSysTickHandler
                0x0800da68       0x44 ./Middlewares/Third_Party/FreeRTOS/Source/portable/GCC/ARM_CM4F/port.o
                0x0800da68                xPortSysTickHandler
 .text.vPortSetupTimerInterrupt
                0x0800daac       0x48 ./Middlewares/Third_Party/FreeRTOS/Source/portable/GCC/ARM_CM4F/port.o
                0x0800daac                vPortSetupTimerInterrupt
 .text.vPortEnableVFP
                0x0800daf4       0x14 ./Middlewares/Third_Party/FreeRTOS/Source/portable/GCC/ARM_CM4F/port.o
 .text.vPortValidateInterruptPriority
                0x0800db08       0x84 ./Middlewares/Third_Party/FreeRTOS/Source/portable/GCC/ARM_CM4F/port.o
                0x0800db08                vPortValidateInterruptPriority
 .text.pvPortMalloc
                0x0800db8c      0x19c ./Middlewares/Third_Party/FreeRTOS/Source/portable/MemMang/heap_4.o
                0x0800db8c                pvPortMalloc
 .text.vPortFree
                0x0800dd28       0xc8 ./Middlewares/Third_Party/FreeRTOS/Source/portable/MemMang/heap_4.o
                0x0800dd28                vPortFree
 .text.prvHeapInit
                0x0800ddf0       0xc4 ./Middlewares/Third_Party/FreeRTOS/Source/portable/MemMang/heap_4.o
 .text.prvInsertBlockIntoFreeList
                0x0800deb4       0xb4 ./Middlewares/Third_Party/FreeRTOS/Source/portable/MemMang/heap_4.o
 .text.MX_USB_DEVICE_Init
                0x0800df68       0x60 ./USB_DEVICE/App/usb_device.o
                0x0800df68                MX_USB_DEVICE_Init
 .text.CDC_Init_FS
                0x0800dfc8       0x28 ./USB_DEVICE/App/usbd_cdc_if.o
 .text.CDC_DeInit_FS
                0x0800dff0       0x10 ./USB_DEVICE/App/usbd_cdc_if.o
 .text.CDC_Control_FS
                0x0800e000       0xbc ./USB_DEVICE/App/usbd_cdc_if.o
 .text.CDC_Receive_FS
                0x0800e0bc       0x34 ./USB_DEVICE/App/usbd_cdc_if.o
 .text.CDC_Transmit_FS
                0x0800e0f0       0x4c ./USB_DEVICE/App/usbd_cdc_if.o
                0x0800e0f0                CDC_Transmit_FS
 .text.CDC_TransmitCplt_FS
                0x0800e13c       0x22 ./USB_DEVICE/App/usbd_cdc_if.o
 *fill*         0x0800e15e        0x2 
 .text.USBD_FS_DeviceDescriptor
                0x0800e160       0x24 ./USB_DEVICE/App/usbd_desc.o
                0x0800e160                USBD_FS_DeviceDescriptor
 .text.USBD_FS_LangIDStrDescriptor
                0x0800e184       0x24 ./USB_DEVICE/App/usbd_desc.o
                0x0800e184                USBD_FS_LangIDStrDescriptor
 .text.USBD_FS_ProductStrDescriptor
                0x0800e1a8       0x3c ./USB_DEVICE/App/usbd_desc.o
                0x0800e1a8                USBD_FS_ProductStrDescriptor
 .text.USBD_FS_ManufacturerStrDescriptor
                0x0800e1e4       0x28 ./USB_DEVICE/App/usbd_desc.o
                0x0800e1e4                USBD_FS_ManufacturerStrDescriptor
 .text.USBD_FS_SerialStrDescriptor
                0x0800e20c       0x24 ./USB_DEVICE/App/usbd_desc.o
                0x0800e20c                USBD_FS_SerialStrDescriptor
 .text.USBD_FS_ConfigStrDescriptor
                0x0800e230       0x3c ./USB_DEVICE/App/usbd_desc.o
                0x0800e230                USBD_FS_ConfigStrDescriptor
 .text.USBD_FS_InterfaceStrDescriptor
                0x0800e26c       0x3c ./USB_DEVICE/App/usbd_desc.o
                0x0800e26c                USBD_FS_InterfaceStrDescriptor
 .text.USBD_FS_USR_BOSDescriptor
                0x0800e2a8       0x24 ./USB_DEVICE/App/usbd_desc.o
                0x0800e2a8                USBD_FS_USR_BOSDescriptor
 .text.Get_SerialNum
                0x0800e2cc       0x58 ./USB_DEVICE/App/usbd_desc.o
 .text.IntToUnicode
                0x0800e324       0x7e ./USB_DEVICE/App/usbd_desc.o
 *fill*         0x0800e3a2        0x2 
 .text.HAL_PCD_MspInit
                0x0800e3a4       0xd4 ./USB_DEVICE/Target/usbd_conf.o
                0x0800e3a4                HAL_PCD_MspInit
 .text.HAL_PCD_SetupStageCallback
                0x0800e478       0x24 ./USB_DEVICE/Target/usbd_conf.o
                0x0800e478                HAL_PCD_SetupStageCallback
 .text.HAL_PCD_DataOutStageCallback
                0x0800e49c       0x36 ./USB_DEVICE/Target/usbd_conf.o
                0x0800e49c                HAL_PCD_DataOutStageCallback
 .text.HAL_PCD_DataInStageCallback
                0x0800e4d2       0x34 ./USB_DEVICE/Target/usbd_conf.o
                0x0800e4d2                HAL_PCD_DataInStageCallback
 .text.HAL_PCD_SOFCallback
                0x0800e506       0x1c ./USB_DEVICE/Target/usbd_conf.o
                0x0800e506                HAL_PCD_SOFCallback
 .text.HAL_PCD_ResetCallback
                0x0800e522       0x50 ./USB_DEVICE/Target/usbd_conf.o
                0x0800e522                HAL_PCD_ResetCallback
 *fill*         0x0800e572        0x2 
 .text.HAL_PCD_SuspendCallback
                0x0800e574       0x4c ./USB_DEVICE/Target/usbd_conf.o
                0x0800e574                HAL_PCD_SuspendCallback
 .text.HAL_PCD_ResumeCallback
                0x0800e5c0       0x1c ./USB_DEVICE/Target/usbd_conf.o
                0x0800e5c0                HAL_PCD_ResumeCallback
 .text.HAL_PCD_ISOOUTIncompleteCallback
                0x0800e5dc       0x24 ./USB_DEVICE/Target/usbd_conf.o
                0x0800e5dc                HAL_PCD_ISOOUTIncompleteCallback
 .text.HAL_PCD_ISOINIncompleteCallback
                0x0800e600       0x24 ./USB_DEVICE/Target/usbd_conf.o
                0x0800e600                HAL_PCD_ISOINIncompleteCallback
 .text.HAL_PCD_ConnectCallback
                0x0800e624       0x1c ./USB_DEVICE/Target/usbd_conf.o
                0x0800e624                HAL_PCD_ConnectCallback
 .text.HAL_PCD_DisconnectCallback
                0x0800e640       0x1c ./USB_DEVICE/Target/usbd_conf.o
                0x0800e640                HAL_PCD_DisconnectCallback
 .text.USBD_LL_Init
                0x0800e65c       0x98 ./USB_DEVICE/Target/usbd_conf.o
                0x0800e65c                USBD_LL_Init
 .text.USBD_LL_Start
                0x0800e6f4       0x36 ./USB_DEVICE/Target/usbd_conf.o
                0x0800e6f4                USBD_LL_Start
 .text.USBD_LL_OpenEP
                0x0800e72a       0x4c ./USB_DEVICE/Target/usbd_conf.o
                0x0800e72a                USBD_LL_OpenEP
 .text.USBD_LL_CloseEP
                0x0800e776       0x3e ./USB_DEVICE/Target/usbd_conf.o
                0x0800e776                USBD_LL_CloseEP
 .text.USBD_LL_StallEP
                0x0800e7b4       0x3e ./USB_DEVICE/Target/usbd_conf.o
                0x0800e7b4                USBD_LL_StallEP
 .text.USBD_LL_ClearStallEP
                0x0800e7f2       0x3e ./USB_DEVICE/Target/usbd_conf.o
                0x0800e7f2                USBD_LL_ClearStallEP
 .text.USBD_LL_IsStallEP
                0x0800e830       0x58 ./USB_DEVICE/Target/usbd_conf.o
                0x0800e830                USBD_LL_IsStallEP
 .text.USBD_LL_SetUSBAddress
                0x0800e888       0x3e ./USB_DEVICE/Target/usbd_conf.o
                0x0800e888                USBD_LL_SetUSBAddress
 .text.USBD_LL_Transmit
                0x0800e8c6       0x42 ./USB_DEVICE/Target/usbd_conf.o
                0x0800e8c6                USBD_LL_Transmit
 .text.USBD_LL_PrepareReceive
                0x0800e908       0x42 ./USB_DEVICE/Target/usbd_conf.o
                0x0800e908                USBD_LL_PrepareReceive
 .text.USBD_LL_GetRxDataSize
                0x0800e94a       0x26 ./USB_DEVICE/Target/usbd_conf.o
                0x0800e94a                USBD_LL_GetRxDataSize
 .text.HAL_PCDEx_LPM_Callback
                0x0800e970       0x9c ./USB_DEVICE/Target/usbd_conf.o
                0x0800e970                HAL_PCDEx_LPM_Callback
 .text.USBD_static_malloc
                0x0800ea0c       0x1c ./USB_DEVICE/Target/usbd_conf.o
                0x0800ea0c                USBD_static_malloc
 .text.USBD_static_free
                0x0800ea28       0x14 ./USB_DEVICE/Target/usbd_conf.o
                0x0800ea28                USBD_static_free
 .text.USBD_Get_USB_Status
                0x0800ea3c       0x58 ./USB_DEVICE/Target/usbd_conf.o
                0x0800ea3c                USBD_Get_USB_Status
 .text.__cvt    0x0800ea94       0xca C:/ST/STM32CubeIDE_1.19.0/STM32CubeIDE/plugins/com.st.stm32cube.ide.mcu.externaltools.gnu-tools-for-stm32.13.3.rel1.win32_1.0.0.202411081344/tools/bin/../lib/gcc/arm-none-eabi/13.3.1/../../../../arm-none-eabi/lib/thumb/v7e-m+fp/hard\libc_nano.a(libc_a-nano-vfprintf_float.o)
                0x0800ea94                __cvt
 .text.__exponent
                0x0800eb5e       0x74 C:/ST/STM32CubeIDE_1.19.0/STM32CubeIDE/plugins/com.st.stm32cube.ide.mcu.externaltools.gnu-tools-for-stm32.13.3.rel1.win32_1.0.0.202411081344/tools/bin/../lib/gcc/arm-none-eabi/13.3.1/../../../../arm-none-eabi/lib/thumb/v7e-m+fp/hard\libc_nano.a(libc_a-nano-vfprintf_float.o)
                0x0800eb5e                __exponent
 *fill*         0x0800ebd2        0x2 
 .text._printf_float
                0x0800ebd4      0x454 C:/ST/STM32CubeIDE_1.19.0/STM32CubeIDE/plugins/com.st.stm32cube.ide.mcu.externaltools.gnu-tools-for-stm32.13.3.rel1.win32_1.0.0.202411081344/tools/bin/../lib/gcc/arm-none-eabi/13.3.1/../../../../arm-none-eabi/lib/thumb/v7e-m+fp/hard\libc_nano.a(libc_a-nano-vfprintf_float.o)
                0x0800ebd4                _printf_float
 .text._printf_common
                0x0800f028       0xda C:/ST/STM32CubeIDE_1.19.0/STM32CubeIDE/plugins/com.st.stm32cube.ide.mcu.externaltools.gnu-tools-for-stm32.13.3.rel1.win32_1.0.0.202411081344/tools/bin/../lib/gcc/arm-none-eabi/13.3.1/../../../../arm-none-eabi/lib/thumb/v7e-m+fp/hard\libc_nano.a(libc_a-nano-vfprintf_i.o)
                0x0800f028                _printf_common
 *fill*         0x0800f102        0x2 
 .text._printf_i
                0x0800f104      0x23c C:/ST/STM32CubeIDE_1.19.0/STM32CubeIDE/plugins/com.st.stm32cube.ide.mcu.externaltools.gnu-tools-for-stm32.13.3.rel1.win32_1.0.0.202411081344/tools/bin/../lib/gcc/arm-none-eabi/13.3.1/../../../../arm-none-eabi/lib/thumb/v7e-m+fp/hard\libc_nano.a(libc_a-nano-vfprintf_i.o)
                0x0800f104                _printf_i
 .text._scanf_float
                0x0800f340      0x41c C:/ST/STM32CubeIDE_1.19.0/STM32CubeIDE/plugins/com.st.stm32cube.ide.mcu.externaltools.gnu-tools-for-stm32.13.3.rel1.win32_1.0.0.202411081344/tools/bin/../lib/gcc/arm-none-eabi/13.3.1/../../../../arm-none-eabi/lib/thumb/v7e-m+fp/hard\libc_nano.a(libc_a-nano-vfscanf_float.o)
                0x0800f340                _scanf_float
 .text.std      0x0800f75c       0x6c C:/ST/STM32CubeIDE_1.19.0/STM32CubeIDE/plugins/com.st.stm32cube.ide.mcu.externaltools.gnu-tools-for-stm32.13.3.rel1.win32_1.0.0.202411081344/tools/bin/../lib/gcc/arm-none-eabi/13.3.1/../../../../arm-none-eabi/lib/thumb/v7e-m+fp/hard\libc_nano.a(libc_a-findfp.o)
 .text.stdio_exit_handler
                0x0800f7c8       0x18 C:/ST/STM32CubeIDE_1.19.0/STM32CubeIDE/plugins/com.st.stm32cube.ide.mcu.externaltools.gnu-tools-for-stm32.13.3.rel1.win32_1.0.0.202411081344/tools/bin/../lib/gcc/arm-none-eabi/13.3.1/../../../../arm-none-eabi/lib/thumb/v7e-m+fp/hard\libc_nano.a(libc_a-findfp.o)
 .text.cleanup_stdio
                0x0800f7e0       0x40 C:/ST/STM32CubeIDE_1.19.0/STM32CubeIDE/plugins/com.st.stm32cube.ide.mcu.externaltools.gnu-tools-for-stm32.13.3.rel1.win32_1.0.0.202411081344/tools/bin/../lib/gcc/arm-none-eabi/13.3.1/../../../../arm-none-eabi/lib/thumb/v7e-m+fp/hard\libc_nano.a(libc_a-findfp.o)
 .text.global_stdio_init.part.0
                0x0800f820       0x3c C:/ST/STM32CubeIDE_1.19.0/STM32CubeIDE/plugins/com.st.stm32cube.ide.mcu.externaltools.gnu-tools-for-stm32.13.3.rel1.win32_1.0.0.202411081344/tools/bin/../lib/gcc/arm-none-eabi/13.3.1/../../../../arm-none-eabi/lib/thumb/v7e-m+fp/hard\libc_nano.a(libc_a-findfp.o)
 .text.__sfp_lock_acquire
                0x0800f85c        0xc C:/ST/STM32CubeIDE_1.19.0/STM32CubeIDE/plugins/com.st.stm32cube.ide.mcu.externaltools.gnu-tools-for-stm32.13.3.rel1.win32_1.0.0.202411081344/tools/bin/../lib/gcc/arm-none-eabi/13.3.1/../../../../arm-none-eabi/lib/thumb/v7e-m+fp/hard\libc_nano.a(libc_a-findfp.o)
                0x0800f85c                __sfp_lock_acquire
 .text.__sfp_lock_release
                0x0800f868        0xc C:/ST/STM32CubeIDE_1.19.0/STM32CubeIDE/plugins/com.st.stm32cube.ide.mcu.externaltools.gnu-tools-for-stm32.13.3.rel1.win32_1.0.0.202411081344/tools/bin/../lib/gcc/arm-none-eabi/13.3.1/../../../../arm-none-eabi/lib/thumb/v7e-m+fp/hard\libc_nano.a(libc_a-findfp.o)
                0x0800f868                __sfp_lock_release
 .text.__sinit  0x0800f874       0x30 C:/ST/STM32CubeIDE_1.19.0/STM32CubeIDE/plugins/com.st.stm32cube.ide.mcu.externaltools.gnu-tools-for-stm32.13.3.rel1.win32_1.0.0.202411081344/tools/bin/../lib/gcc/arm-none-eabi/13.3.1/../../../../arm-none-eabi/lib/thumb/v7e-m+fp/hard\libc_nano.a(libc_a-findfp.o)
                0x0800f874                __sinit
 .text._fwalk_sglue
                0x0800f8a4       0x3c C:/ST/STM32CubeIDE_1.19.0/STM32CubeIDE/plugins/com.st.stm32cube.ide.mcu.externaltools.gnu-tools-for-stm32.13.3.rel1.win32_1.0.0.202411081344/tools/bin/../lib/gcc/arm-none-eabi/13.3.1/../../../../arm-none-eabi/lib/thumb/v7e-m+fp/hard\libc_nano.a(libc_a-fwalk.o)
                0x0800f8a4                _fwalk_sglue
 .text.snprintf
                0x0800f8e0       0x6c C:/ST/STM32CubeIDE_1.19.0/STM32CubeIDE/plugins/com.st.stm32cube.ide.mcu.externaltools.gnu-tools-for-stm32.13.3.rel1.win32_1.0.0.202411081344/tools/bin/../lib/gcc/arm-none-eabi/13.3.1/../../../../arm-none-eabi/lib/thumb/v7e-m+fp/hard\libc_nano.a(libc_a-snprintf.o)
                0x0800f8e0                sniprintf
                0x0800f8e0                snprintf
 .text.sprintf  0x0800f94c       0x44 C:/ST/STM32CubeIDE_1.19.0/STM32CubeIDE/plugins/com.st.stm32cube.ide.mcu.externaltools.gnu-tools-for-stm32.13.3.rel1.win32_1.0.0.202411081344/tools/bin/../lib/gcc/arm-none-eabi/13.3.1/../../../../arm-none-eabi/lib/thumb/v7e-m+fp/hard\libc_nano.a(libc_a-sprintf.o)
                0x0800f94c                siprintf
                0x0800f94c                sprintf
 .text.sscanf   0x0800f990       0x58 C:/ST/STM32CubeIDE_1.19.0/STM32CubeIDE/plugins/com.st.stm32cube.ide.mcu.externaltools.gnu-tools-for-stm32.13.3.rel1.win32_1.0.0.202411081344/tools/bin/../lib/gcc/arm-none-eabi/13.3.1/../../../../arm-none-eabi/lib/thumb/v7e-m+fp/hard\libc_nano.a(libc_a-sscanf.o)
                0x0800f990                siscanf
                0x0800f990                sscanf
 .text.__sread  0x0800f9e8       0x22 C:/ST/STM32CubeIDE_1.19.0/STM32CubeIDE/plugins/com.st.stm32cube.ide.mcu.externaltools.gnu-tools-for-stm32.13.3.rel1.win32_1.0.0.202411081344/tools/bin/../lib/gcc/arm-none-eabi/13.3.1/../../../../arm-none-eabi/lib/thumb/v7e-m+fp/hard\libc_nano.a(libc_a-stdio.o)
                0x0800f9e8                __sread
 .text.__seofread
                0x0800fa0a        0x4 C:/ST/STM32CubeIDE_1.19.0/STM32CubeIDE/plugins/com.st.stm32cube.ide.mcu.externaltools.gnu-tools-for-stm32.13.3.rel1.win32_1.0.0.202411081344/tools/bin/../lib/gcc/arm-none-eabi/13.3.1/../../../../arm-none-eabi/lib/thumb/v7e-m+fp/hard\libc_nano.a(libc_a-stdio.o)
                0x0800fa0a                __seofread
 .text.__swrite
                0x0800fa0e       0x38 C:/ST/STM32CubeIDE_1.19.0/STM32CubeIDE/plugins/com.st.stm32cube.ide.mcu.externaltools.gnu-tools-for-stm32.13.3.rel1.win32_1.0.0.202411081344/tools/bin/../lib/gcc/arm-none-eabi/13.3.1/../../../../arm-none-eabi/lib/thumb/v7e-m+fp/hard\libc_nano.a(libc_a-stdio.o)
                0x0800fa0e                __swrite
 .text.__sseek  0x0800fa46       0x24 C:/ST/STM32CubeIDE_1.19.0/STM32CubeIDE/plugins/com.st.stm32cube.ide.mcu.externaltools.gnu-tools-for-stm32.13.3.rel1.win32_1.0.0.202411081344/tools/bin/../lib/gcc/arm-none-eabi/13.3.1/../../../../arm-none-eabi/lib/thumb/v7e-m+fp/hard\libc_nano.a(libc_a-stdio.o)
                0x0800fa46                __sseek
 .text.__sclose
                0x0800fa6a        0x8 C:/ST/STM32CubeIDE_1.19.0/STM32CubeIDE/plugins/com.st.stm32cube.ide.mcu.externaltools.gnu-tools-for-stm32.13.3.rel1.win32_1.0.0.202411081344/tools/bin/../lib/gcc/arm-none-eabi/13.3.1/../../../../arm-none-eabi/lib/thumb/v7e-m+fp/hard\libc_nano.a(libc_a-stdio.o)
                0x0800fa6a                __sclose
 .text.memset   0x0800fa72       0x10 C:/ST/STM32CubeIDE_1.19.0/STM32CubeIDE/plugins/com.st.stm32cube.ide.mcu.externaltools.gnu-tools-for-stm32.13.3.rel1.win32_1.0.0.202411081344/tools/bin/../lib/gcc/arm-none-eabi/13.3.1/../../../../arm-none-eabi/lib/thumb/v7e-m+fp/hard\libc_nano.a(libc_a-memset.o)
                0x0800fa72                memset
 .text.strncmp  0x0800fa82       0x24 C:/ST/STM32CubeIDE_1.19.0/STM32CubeIDE/plugins/com.st.stm32cube.ide.mcu.externaltools.gnu-tools-for-stm32.13.3.rel1.win32_1.0.0.202411081344/tools/bin/../lib/gcc/arm-none-eabi/13.3.1/../../../../arm-none-eabi/lib/thumb/v7e-m+fp/hard\libc_nano.a(libc_a-strncmp.o)
                0x0800fa82                strncmp
 .text.strstr   0x0800faa6       0x2c C:/ST/STM32CubeIDE_1.19.0/STM32CubeIDE/plugins/com.st.stm32cube.ide.mcu.externaltools.gnu-tools-for-stm32.13.3.rel1.win32_1.0.0.202411081344/tools/bin/../lib/gcc/arm-none-eabi/13.3.1/../../../../arm-none-eabi/lib/thumb/v7e-m+fp/hard\libc_nano.a(libc_a-strstr.o)
                0x0800faa6                strstr
 *fill*         0x0800fad2        0x2 
 .text._localeconv_r
                0x0800fad4        0x8 C:/ST/STM32CubeIDE_1.19.0/STM32CubeIDE/plugins/com.st.stm32cube.ide.mcu.externaltools.gnu-tools-for-stm32.13.3.rel1.win32_1.0.0.202411081344/tools/bin/../lib/gcc/arm-none-eabi/13.3.1/../../../../arm-none-eabi/lib/thumb/v7e-m+fp/hard\libc_nano.a(libc_a-localeconv.o)
                0x0800fad4                _localeconv_r
 .text._close_r
                0x0800fadc       0x20 C:/ST/STM32CubeIDE_1.19.0/STM32CubeIDE/plugins/com.st.stm32cube.ide.mcu.externaltools.gnu-tools-for-stm32.13.3.rel1.win32_1.0.0.202411081344/tools/bin/../lib/gcc/arm-none-eabi/13.3.1/../../../../arm-none-eabi/lib/thumb/v7e-m+fp/hard\libc_nano.a(libc_a-closer.o)
                0x0800fadc                _close_r
 .text._lseek_r
                0x0800fafc       0x24 C:/ST/STM32CubeIDE_1.19.0/STM32CubeIDE/plugins/com.st.stm32cube.ide.mcu.externaltools.gnu-tools-for-stm32.13.3.rel1.win32_1.0.0.202411081344/tools/bin/../lib/gcc/arm-none-eabi/13.3.1/../../../../arm-none-eabi/lib/thumb/v7e-m+fp/hard\libc_nano.a(libc_a-lseekr.o)
                0x0800fafc                _lseek_r
 .text._read_r  0x0800fb20       0x24 C:/ST/STM32CubeIDE_1.19.0/STM32CubeIDE/plugins/com.st.stm32cube.ide.mcu.externaltools.gnu-tools-for-stm32.13.3.rel1.win32_1.0.0.202411081344/tools/bin/../lib/gcc/arm-none-eabi/13.3.1/../../../../arm-none-eabi/lib/thumb/v7e-m+fp/hard\libc_nano.a(libc_a-readr.o)
                0x0800fb20                _read_r
 .text._write_r
                0x0800fb44       0x24 C:/ST/STM32CubeIDE_1.19.0/STM32CubeIDE/plugins/com.st.stm32cube.ide.mcu.externaltools.gnu-tools-for-stm32.13.3.rel1.win32_1.0.0.202411081344/tools/bin/../lib/gcc/arm-none-eabi/13.3.1/../../../../arm-none-eabi/lib/thumb/v7e-m+fp/hard\libc_nano.a(libc_a-writer.o)
                0x0800fb44                _write_r
 .text.__errno  0x0800fb68        0xc C:/ST/STM32CubeIDE_1.19.0/STM32CubeIDE/plugins/com.st.stm32cube.ide.mcu.externaltools.gnu-tools-for-stm32.13.3.rel1.win32_1.0.0.202411081344/tools/bin/../lib/gcc/arm-none-eabi/13.3.1/../../../../arm-none-eabi/lib/thumb/v7e-m+fp/hard\libc_nano.a(libc_a-errno.o)
                0x0800fb68                __errno
 .text.__libc_init_array
                0x0800fb74       0x48 C:/ST/STM32CubeIDE_1.19.0/STM32CubeIDE/plugins/com.st.stm32cube.ide.mcu.externaltools.gnu-tools-for-stm32.13.3.rel1.win32_1.0.0.202411081344/tools/bin/../lib/gcc/arm-none-eabi/13.3.1/../../../../arm-none-eabi/lib/thumb/v7e-m+fp/hard\libc_nano.a(libc_a-init.o)
                0x0800fb74                __libc_init_array
 .text.__retarget_lock_init_recursive
                0x0800fbbc        0x2 C:/ST/STM32CubeIDE_1.19.0/STM32CubeIDE/plugins/com.st.stm32cube.ide.mcu.externaltools.gnu-tools-for-stm32.13.3.rel1.win32_1.0.0.202411081344/tools/bin/../lib/gcc/arm-none-eabi/13.3.1/../../../../arm-none-eabi/lib/thumb/v7e-m+fp/hard\libc_nano.a(libc_a-lock.o)
                0x0800fbbc                __retarget_lock_init_recursive
 .text.__retarget_lock_acquire_recursive
                0x0800fbbe        0x2 C:/ST/STM32CubeIDE_1.19.0/STM32CubeIDE/plugins/com.st.stm32cube.ide.mcu.externaltools.gnu-tools-for-stm32.13.3.rel1.win32_1.0.0.202411081344/tools/bin/../lib/gcc/arm-none-eabi/13.3.1/../../../../arm-none-eabi/lib/thumb/v7e-m+fp/hard\libc_nano.a(libc_a-lock.o)
                0x0800fbbe                __retarget_lock_acquire_recursive
 .text.__retarget_lock_release_recursive
                0x0800fbc0        0x2 C:/ST/STM32CubeIDE_1.19.0/STM32CubeIDE/plugins/com.st.stm32cube.ide.mcu.externaltools.gnu-tools-for-stm32.13.3.rel1.win32_1.0.0.202411081344/tools/bin/../lib/gcc/arm-none-eabi/13.3.1/../../../../arm-none-eabi/lib/thumb/v7e-m+fp/hard\libc_nano.a(libc_a-lock.o)
                0x0800fbc0                __retarget_lock_release_recursive
 .text.memcpy   0x0800fbc2       0x1c C:/ST/STM32CubeIDE_1.19.0/STM32CubeIDE/plugins/com.st.stm32cube.ide.mcu.externaltools.gnu-tools-for-stm32.13.3.rel1.win32_1.0.0.202411081344/tools/bin/../lib/gcc/arm-none-eabi/13.3.1/../../../../arm-none-eabi/lib/thumb/v7e-m+fp/hard\libc_nano.a(libc_a-memcpy-stub.o)
                0x0800fbc2                memcpy
 *fill*         0x0800fbde        0x2 
 .text.nanf     0x0800fbe0        0xc C:/ST/STM32CubeIDE_1.19.0/STM32CubeIDE/plugins/com.st.stm32cube.ide.mcu.externaltools.gnu-tools-for-stm32.13.3.rel1.win32_1.0.0.202411081344/tools/bin/../lib/gcc/arm-none-eabi/13.3.1/../../../../arm-none-eabi/lib/thumb/v7e-m+fp/hard\libc_nano.a(libm_a-sf_nan.o)
                0x0800fbe0                nanf
 .text.quorem   0x0800fbec      0x110 C:/ST/STM32CubeIDE_1.19.0/STM32CubeIDE/plugins/com.st.stm32cube.ide.mcu.externaltools.gnu-tools-for-stm32.13.3.rel1.win32_1.0.0.202411081344/tools/bin/../lib/gcc/arm-none-eabi/13.3.1/../../../../arm-none-eabi/lib/thumb/v7e-m+fp/hard\libc_nano.a(libc_a-dtoa.o)
 *fill*         0x0800fcfc        0x4 
 .text._dtoa_r  0x0800fd00      0xba0 C:/ST/STM32CubeIDE_1.19.0/STM32CubeIDE/plugins/com.st.stm32cube.ide.mcu.externaltools.gnu-tools-for-stm32.13.3.rel1.win32_1.0.0.202411081344/tools/bin/../lib/gcc/arm-none-eabi/13.3.1/../../../../arm-none-eabi/lib/thumb/v7e-m+fp/hard\libc_nano.a(libc_a-dtoa.o)
                0x0800fd00                _dtoa_r
 .text._free_r  0x080108a0       0x94 C:/ST/STM32CubeIDE_1.19.0/STM32CubeIDE/plugins/com.st.stm32cube.ide.mcu.externaltools.gnu-tools-for-stm32.13.3.rel1.win32_1.0.0.202411081344/tools/bin/../lib/gcc/arm-none-eabi/13.3.1/../../../../arm-none-eabi/lib/thumb/v7e-m+fp/hard\libc_nano.a(libc_a-freer.o)
                0x080108a0                _free_r
 .text.malloc   0x08010934       0x10 C:/ST/STM32CubeIDE_1.19.0/STM32CubeIDE/plugins/com.st.stm32cube.ide.mcu.externaltools.gnu-tools-for-stm32.13.3.rel1.win32_1.0.0.202411081344/tools/bin/../lib/gcc/arm-none-eabi/13.3.1/../../../../arm-none-eabi/lib/thumb/v7e-m+fp/hard\libc_nano.a(libc_a-malloc.o)
                0x08010934                malloc
 .text.sbrk_aligned
                0x08010944       0x44 C:/ST/STM32CubeIDE_1.19.0/STM32CubeIDE/plugins/com.st.stm32cube.ide.mcu.externaltools.gnu-tools-for-stm32.13.3.rel1.win32_1.0.0.202411081344/tools/bin/../lib/gcc/arm-none-eabi/13.3.1/../../../../arm-none-eabi/lib/thumb/v7e-m+fp/hard\libc_nano.a(libc_a-mallocr.o)
 .text._malloc_r
                0x08010988      0x100 C:/ST/STM32CubeIDE_1.19.0/STM32CubeIDE/plugins/com.st.stm32cube.ide.mcu.externaltools.gnu-tools-for-stm32.13.3.rel1.win32_1.0.0.202411081344/tools/bin/../lib/gcc/arm-none-eabi/13.3.1/../../../../arm-none-eabi/lib/thumb/v7e-m+fp/hard\libc_nano.a(libc_a-mallocr.o)
                0x08010988                _malloc_r
 .text.__malloc_lock
                0x08010a88        0xc C:/ST/STM32CubeIDE_1.19.0/STM32CubeIDE/plugins/com.st.stm32cube.ide.mcu.externaltools.gnu-tools-for-stm32.13.3.rel1.win32_1.0.0.202411081344/tools/bin/../lib/gcc/arm-none-eabi/13.3.1/../../../../arm-none-eabi/lib/thumb/v7e-m+fp/hard\libc_nano.a(libc_a-mlock.o)
                0x08010a88                __malloc_lock
 .text.__malloc_unlock
                0x08010a94        0xc C:/ST/STM32CubeIDE_1.19.0/STM32CubeIDE/plugins/com.st.stm32cube.ide.mcu.externaltools.gnu-tools-for-stm32.13.3.rel1.win32_1.0.0.202411081344/tools/bin/../lib/gcc/arm-none-eabi/13.3.1/../../../../arm-none-eabi/lib/thumb/v7e-m+fp/hard\libc_nano.a(libc_a-mlock.o)
                0x08010a94                __malloc_unlock
 .text._Balloc  0x08010aa0       0x80 C:/ST/STM32CubeIDE_1.19.0/STM32CubeIDE/plugins/com.st.stm32cube.ide.mcu.externaltools.gnu-tools-for-stm32.13.3.rel1.win32_1.0.0.202411081344/tools/bin/../lib/gcc/arm-none-eabi/13.3.1/../../../../arm-none-eabi/lib/thumb/v7e-m+fp/hard\libc_nano.a(libc_a-mprec.o)
                0x08010aa0                _Balloc
 .text._Bfree   0x08010b20       0x44 C:/ST/STM32CubeIDE_1.19.0/STM32CubeIDE/plugins/com.st.stm32cube.ide.mcu.externaltools.gnu-tools-for-stm32.13.3.rel1.win32_1.0.0.202411081344/tools/bin/../lib/gcc/arm-none-eabi/13.3.1/../../../../arm-none-eabi/lib/thumb/v7e-m+fp/hard\libc_nano.a(libc_a-mprec.o)
                0x08010b20                _Bfree
 .text.__multadd
                0x08010b64       0x8c C:/ST/STM32CubeIDE_1.19.0/STM32CubeIDE/plugins/com.st.stm32cube.ide.mcu.externaltools.gnu-tools-for-stm32.13.3.rel1.win32_1.0.0.202411081344/tools/bin/../lib/gcc/arm-none-eabi/13.3.1/../../../../arm-none-eabi/lib/thumb/v7e-m+fp/hard\libc_nano.a(libc_a-mprec.o)
                0x08010b64                __multadd