../Core/Src/application.c:63:13:Load_Settings	16	static
../Core/Src/application.c:76:13:Save_Settings	72	static
../Core/Src/application.c:104:13:App_SendAck	24	static
../Core/Src/application.c:113:13:App_BuzzerBeep	16	static
../Core/Src/application.c:120:6:HAL_UART_RxCpltCallback	24	static
../Core/Src/application.c:129:6:HAL_UART_ErrorCallback	32	static
../Core/Src/application.c:139:6:App_Init	8	static
../Core/Src/application.c:161:6:App_ProcessUsbData	16	static
../Core/Src/application.c:170:6:App_TaskUsbListen	80	static
../Core/Src/application.c:184:13:App_ProcessCommand	384	static
../Core/Src/application.c:362:6:App_TaskSensorRead	392	static
