../Core/Src/INA228.c:39:17:INA228_ReadRegister	56	static
../Core/Src/INA228.c:56:15:INA228_ReadRegisterF	56	static
../Core/Src/INA228.c:82:17:INA228_WriteRegister	40	static
../Core/Src/INA228.c:96:6:INA228_Init	24	static
../Core/Src/INA228.c:107:6:INA228_Begin	16	static
../Core/Src/INA228.c:113:6:INA228_IsConnected	16	static
../Core/Src/INA228.c:117:9:INA228_GetAddress	16	static
../Core/Src/INA228.c:121:7:INA228_GetBusVoltage	24	static
../Core/Src/INA228.c:126:7:INA228_GetShuntVoltage	24	static
../Core/Src/INA228.c:133:9:INA228_GetShuntVoltageRAW	24	static
../Core/Src/INA228.c:139:7:INA228_GetCurrent	24	static
../Core/Src/INA228.c:145:7:INA228_GetPower	24	static
../Core/Src/INA228.c:150:7:INA228_GetTemperature	24	static
../Core/Src/INA228.c:155:8:INA228_GetEnergy	32	static
../Core/Src/INA228.c:160:8:INA228_GetCharge	24	static
../Core/Src/INA228.c:165:6:INA228_Reset	24	static
../Core/Src/INA228.c:171:6:INA228_SetAccumulation	24	static
../Core/Src/INA228.c:180:6:INA228_GetAccumulation	24	static
../Core/Src/INA228.c:185:6:INA228_SetConversionDelay	24	static
../Core/Src/INA228.c:192:9:INA228_GetConversionDelay	24	static
../Core/Src/INA228.c:197:6:INA228_SetTemperatureCompensation	24	static
../Core/Src/INA228.c:204:6:INA228_GetTemperatureCompensation	24	static
../Core/Src/INA228.c:209:6:INA228_SetADCRange	24	static
../Core/Src/INA228.c:221:6:INA228_GetADCRange	24	static
../Core/Src/INA228.c:227:6:INA228_SetMode	24	static
../Core/Src/INA228.c:236:9:INA228_GetMode	24	static
../Core/Src/INA228.c:241:6:INA228_SetBusVoltageConversionTime	24	static
../Core/Src/INA228.c:250:9:INA228_GetBusVoltageConversionTime	24	static
../Core/Src/INA228.c:255:6:INA228_SetShuntVoltageConversionTime	24	static
../Core/Src/INA228.c:264:9:INA228_GetShuntVoltageConversionTime	24	static
../Core/Src/INA228.c:269:6:INA228_SetTemperatureConversionTime	24	static
../Core/Src/INA228.c:278:9:INA228_GetTemperatureConversionTime	24	static
../Core/Src/INA228.c:283:6:INA228_SetAverage	24	static
../Core/Src/INA228.c:292:9:INA228_GetAverage	24	static
../Core/Src/INA228.c:297:5:INA228_SetMaxCurrentShunt	32	static
../Core/Src/INA228.c:312:6:INA228_IsCalibrated	16	static
../Core/Src/INA228.c:316:6:INA228_SetShuntTemperatureCoefficent	16	static
../Core/Src/INA228.c:322:10:INA228_GetShuntTemperatureCoefficent	16	static
../Core/Src/INA228.c:326:6:INA228_SetDiagnoseAlert	16	static
../Core/Src/INA228.c:327:10:INA228_GetDiagnoseAlert	16	static
../Core/Src/INA228.c:329:6:INA228_SetDiagnoseAlertBit	24	static
../Core/Src/INA228.c:338:6:INA228_ClearDiagnoseAlertBit	24	static
../Core/Src/INA228.c:347:10:INA228_GetDiagnoseAlertBit	24	static
../Core/Src/INA228.c:352:6:INA228_SetShuntOvervoltageTH	16	static
../Core/Src/INA228.c:353:10:INA228_GetShuntOvervoltageTH	16	static
../Core/Src/INA228.c:354:6:INA228_SetShuntUndervoltageTH	16	static
../Core/Src/INA228.c:355:10:INA228_GetShuntUndervoltageTH	16	static
../Core/Src/INA228.c:357:6:INA228_SetBusOvervoltageTH	16	static
../Core/Src/INA228.c:362:10:INA228_GetBusOvervoltageTH	16	static
../Core/Src/INA228.c:364:6:INA228_SetBusUndervoltageTH	16	static
../Core/Src/INA228.c:369:10:INA228_GetBusUndervoltageTH	16	static
../Core/Src/INA228.c:370:6:INA228_SetTemperatureOverLimitTH	16	static
../Core/Src/INA228.c:371:10:INA228_GetTemperatureOverLimitTH	16	static
../Core/Src/INA228.c:372:6:INA228_SetPowerOverLimitTH	16	static
../Core/Src/INA228.c:373:10:INA228_GetPowerOverLimitTH	16	static
../Core/Src/INA228.c:375:10:INA228_GetManufacturer	16	static
../Core/Src/INA228.c:376:10:INA228_GetDieID	16	static
../Core/Src/INA228.c:377:10:INA228_GetRevision	16	static
../Core/Src/INA228.c:379:5:INA228_GetLastError	24	static
