../Core/Src/main.c:78:5:main	8	static
../Core/Src/main.c:165:6:SystemClock_Config	88	static
../Core/Src/main.c:212:13:MX_I2C1_Init	8	static
../Core/Src/main.c:243:13:MX_I2C2_Init	8	static
../Core/Src/main.c:274:13:MX_SPI1_Init	8	static
../Core/Src/main.c:309:13:MX_TIM3_Init	64	static
../Core/Src/main.c:368:13:MX_USART3_UART_Init	8	static
../Core/Src/main.c:399:13:MX_DMA_Init	16	static
../Core/Src/main.c:417:13:MX_GPIO_Init	48	static
../Core/Src/main.c:483:6:StartTask_SensorRead	16	static
../Core/Src/main.c:500:6:StartTask_UsbListen	16	static
../Core/Src/main.c:518:6:HAL_TIM_PeriodElapsedCallback	16	static
../Core/Src/main.c:536:6:Error_Handler	4	static
