../Core/Src/main.c:78:5:main	1
../Core/Src/main.c:165:6:SystemClock_Config	3
../Core/Src/main.c:212:13:MX_I2C1_Init	2
../Core/Src/main.c:243:13:MX_I2C2_Init	2
../Core/Src/main.c:274:13:MX_SPI1_Init	2
../Core/Src/main.c:309:13:MX_TIM3_Init	6
../Core/Src/main.c:368:13:MX_USART3_UART_Init	2
../Core/Src/main.c:399:13:MX_DMA_Init	1
../Core/Src/main.c:417:13:MX_GPIO_Init	1
../Core/Src/main.c:483:6:StartTask_SensorRead	1
../Core/Src/main.c:500:6:StartTask_UsbListen	1
../Core/Src/main.c:518:6:HAL_TIM_PeriodElapsedCallback	2
../Core/Src/main.c:536:6:Error_Handler	1
