../Core/Src/main.c:73:5:main	8	static
../Core/Src/main.c:158:6:SystemClock_Config	88	static
../Core/Src/main.c:205:13:MX_I2C1_Init	8	static
../Core/Src/main.c:236:13:MX_I2C2_Init	8	static
../Core/Src/main.c:267:13:MX_SPI1_Init	8	static
../Core/Src/main.c:302:13:MX_TIM3_Init	64	static
../Core/Src/main.c:361:13:MX_GPIO_Init	48	static
../Core/Src/main.c:427:6:StartTask_SensorRead	16	static
../Core/Src/main.c:444:6:StartTask_UsbListen	16	static
../Core/Src/main.c:462:6:HAL_TIM_PeriodElapsedCallback	16	static
../Core/Src/main.c:480:6:Error_Handler	4	static
